Component: ARM Compiler 5.06 update 7 (build 960) Tool: armlink [4d3601]

==============================================================================

Section Cross References

    startup_stm32f103xb.o(STACK) refers (Special) to heapauxi.o(.text) for __use_two_region_memory
    startup_stm32f103xb.o(HEAP) refers (Special) to heapauxi.o(.text) for __use_two_region_memory
    startup_stm32f103xb.o(RESET) refers (Special) to heapauxi.o(.text) for __use_two_region_memory
    startup_stm32f103xb.o(RESET) refers to startup_stm32f103xb.o(STACK) for __initial_sp
    startup_stm32f103xb.o(RESET) refers to startup_stm32f103xb.o(.text) for Reset_Handler
    startup_stm32f103xb.o(RESET) refers to stm32f1xx_it.o(i.NMI_Handler) for NMI_Handler
    startup_stm32f103xb.o(RESET) refers to stm32f1xx_it.o(i.HardFault_Handler) for HardFault_Handler
    startup_stm32f103xb.o(RESET) refers to stm32f1xx_it.o(i.MemManage_Handler) for MemManage_Handler
    startup_stm32f103xb.o(RESET) refers to stm32f1xx_it.o(i.BusFault_Handler) for BusFault_Handler
    startup_stm32f103xb.o(RESET) refers to stm32f1xx_it.o(i.UsageFault_Handler) for UsageFault_Handler
    startup_stm32f103xb.o(RESET) refers to port.o(.emb_text) for SVC_Handler
    startup_stm32f103xb.o(RESET) refers to stm32f1xx_it.o(i.DebugMon_Handler) for DebugMon_Handler
    startup_stm32f103xb.o(RESET) refers to port.o(i.SysTick_Handler) for SysTick_Handler
    startup_stm32f103xb.o(RESET) refers to stm32f1xx_it.o(i.EXTI0_IRQHandler) for EXTI0_IRQHandler
    startup_stm32f103xb.o(RESET) refers to stm32f1xx_it.o(i.TIM1_UP_IRQHandler) for TIM1_UP_IRQHandler
    startup_stm32f103xb.o(.text) refers (Special) to heapauxi.o(.text) for __use_two_region_memory
    startup_stm32f103xb.o(.text) refers to system_stm32f1xx.o(i.SystemInit) for SystemInit
    startup_stm32f103xb.o(.text) refers to __main.o(!!!main) for __main
    startup_stm32f103xb.o(.text) refers to startup_stm32f103xb.o(HEAP) for Heap_Mem
    startup_stm32f103xb.o(.text) refers to startup_stm32f103xb.o(STACK) for Stack_Mem
    dwt_1.o(i.DWT_Delay) refers to system_stm32f1xx.o(.data) for SystemCoreClock
    batterymanagment.o(i.bat_managment_init) refers to ina226.o(i.Ina226_Init) for Ina226_Init
    batterymanagment.o(i.bat_managment_processloop) refers to bq2057csn.o(i.bq2057_GetCondition) for bq2057_GetCondition
    batterymanagment.o(i.bat_managment_processloop) refers to ina226.o(i.INA226_Check_data) for INA226_Check_data
    batterymanagment.o(i.bat_managment_processloop) refers to ina226.o(i.INA226_Get_Current) for INA226_Get_Current
    batterymanagment.o(i.bat_managment_processloop) refers to ina226.o(i.INA226_Get_VBus_Voltage) for INA226_Get_VBus_Voltage
    batterymanagment.o(i.bat_managment_processloop) refers to batterymanagment.o(.data) for .data
    batterymanagment.o(i.bms_set_operation_mode) refers to ina226.o(i.INA226_Set_Mode) for INA226_Set_Mode
    display.o(i.display_clear) refers to ssd1306.o(i.SSD1306_Clear) for SSD1306_Clear
    display.o(i.display_init) refers to stm32f1xx_hal_i2c.o(i.HAL_I2C_IsDeviceReady) for HAL_I2C_IsDeviceReady
    display.o(i.display_init) refers to ssd1306.o(i.SSD1306_Init) for SSD1306_Init
    display.o(i.display_init) refers to ssd1306.o(i.SSD1306_Clear) for SSD1306_Clear
    display.o(i.display_init) refers to ssd1306.o(i.SSD1306_GotoXY) for SSD1306_GotoXY
    display.o(i.display_init) refers to ssd1306.o(i.SSD1306_Puts) for SSD1306_Puts
    display.o(i.display_init) refers to ssd1306.o(i.SSD1306_UpdateScreen) for SSD1306_UpdateScreen
    display.o(i.display_init) refers to main.o(.bss) for hi2c2
    display.o(i.display_init) refers to fonts.o(.data) for Font_11x18
    display.o(i.display_mode) refers to ssd1306.o(i.SSD1306_DrawFilledRectangle) for SSD1306_DrawFilledRectangle
    display.o(i.display_mode) refers to ssd1306.o(i.SSD1306_GotoXY) for SSD1306_GotoXY
    display.o(i.display_mode) refers to ssd1306.o(i.SSD1306_Puts) for SSD1306_Puts
    display.o(i.display_mode) refers to ssd1306.o(i.SSD1306_UpdateScreen) for SSD1306_UpdateScreen
    display.o(i.display_mode) refers to ssd1306.o(i.SSD1306_OFF) for SSD1306_OFF
    display.o(i.display_mode) refers to ssd1306.o(i.SSD1306_ON) for SSD1306_ON
    display.o(i.display_mode) refers to fonts.o(.data) for Font_11x18
    display.o(i.set_bms_soc) refers to ssd1306.o(i.SSD1306_DrawFilledRectangle) for SSD1306_DrawFilledRectangle
    display.o(i.set_bms_soc) refers to ssd1306.o(i.SSD1306_DrawBitmap) for SSD1306_DrawBitmap
    display.o(i.set_bms_soc) refers to ssd1306.o(i.SSD1306_DrawLine) for SSD1306_DrawLine
    display.o(i.set_bms_soc) refers to ssd1306.o(i.SSD1306_UpdateScreen) for SSD1306_UpdateScreen
    display.o(i.set_bms_soc) refers to display.o(.constdata) for .constdata
    display.o(i.set_preasure) refers to _printf_percent.o(.ARM.Collect$$_printf_percent$$00000000) for _printf_percent
    display.o(i.set_preasure) refers to _printf_d.o(.ARM.Collect$$_printf_percent$$00000009) for _printf_d
[...]
    i.xQueueGenericSend                      0x080042c0   Section        0  queue.o(i.xQueueGenericSend)
    i.xQueueGenericSendFromISR               0x08004424   Section        0  queue.o(i.xQueueGenericSendFromISR)
    i.xQueueReceive                          0x080044e4   Section        0  queue.o(i.xQueueReceive)
    i.xTaskCheckForTimeOut                   0x08004620   Section        0  tasks.o(i.xTaskCheckForTimeOut)
    i.xTaskCreate                            0x0800469c   Section        0  tasks.o(i.xTaskCreate)
    i.xTaskCreateStatic                      0x08004700   Section        0  tasks.o(i.xTaskCreateStatic)
    i.xTaskGenericNotify                     0x0800475c   Section        0  tasks.o(i.xTaskGenericNotify)
    i.xTaskGenericNotifyFromISR              0x0800482c   Section        0  tasks.o(i.xTaskGenericNotifyFromISR)
    i.xTaskGetSchedulerState                 0x08004928   Section        0  tasks.o(i.xTaskGetSchedulerState)
    i.xTaskGetTickCount                      0x08004944   Section        0  tasks.o(i.xTaskGetTickCount)
    i.xTaskIncrementTick                     0x08004950   Section        0  tasks.o(i.xTaskIncrementTick)
    i.xTaskPriorityDisinherit                0x08004a1c   Section        0  tasks.o(i.xTaskPriorityDisinherit)
    i.xTaskRemoveFromEventList               0x08004a98   Section        0  tasks.o(i.xTaskRemoveFromEventList)
    i.xTaskResumeAll                         0x08004b10   Section        0  tasks.o(i.xTaskResumeAll)
    i.xTimerCreateTimerTask                  0x08004bd8   Section        0  timers.o(i.xTimerCreateTimerTask)
    i.xTimerGenericCommand                   0x08004c40   Section        0  timers.o(i.xTimerGenericCommand)
    x$fpl$d2f                                0x08004cac   Section       98  d2f.o(x$fpl$d2f)
    x$fpl$dcheck1                            0x08004d10   Section       16  dcheck1.o(x$fpl$dcheck1)
    x$fpl$dfltu                              0x08004d20   Section       38  dflt_clz.o(x$fpl$dfltu)
    x$fpl$dmul                               0x08004d48   Section      340  dmul.o(x$fpl$dmul)
    x$fpl$dnaninf                            0x08004e9c   Section      156  dnaninf.o(x$fpl$dnaninf)
    x$fpl$dretinf                            0x08004f38   Section       12  dretinf.o(x$fpl$dretinf)
    x$fpl$ffixu                              0x08004f44   Section       62  ffixu.o(x$fpl$ffixu)
    x$fpl$fmul                               0x08004f84   Section      258  fmul.o(x$fpl$fmul)
    x$fpl$fnaninf                            0x08005086   Section      140  fnaninf.o(x$fpl$fnaninf)
    x$fpl$fretinf                            0x08005112   Section       10  fretinf.o(x$fpl$fretinf)
    x$fpl$retnan                             0x0800511c   Section      100  retnan.o(x$fpl$retnan)
    x$fpl$scalbn                             0x08005180   Section       92  scalbn.o(x$fpl$scalbn)
    x$fpl$trapveneer                         0x080051dc   Section       48  trapv.o(x$fpl$trapveneer)
    .constdata                               0x0800520c   Section     3420  fonts.o(.constdata)
    x$fpl$usenofp                            0x0800520c   Section        0  usenofp.o(x$fpl$usenofp)
    .constdata                               0x08005f68   Section      224  main.o(.constdata)
    .constdata                               0x08006048   Section       18  stm32f1xx_hal_rcc.o(.constdata)
    aPredivFactorTable                       0x08006048   Data           2  stm32f1xx_hal_rcc.o(.constdata)
    aPLLMULFactorTable                       0x0800604a   Data          16  stm32f1xx_hal_rcc.o(.constdata)
    .constdata                               0x0800605a   Section       18  stm32f1xx_hal_rcc_ex.o(.constdata)
    aPredivFactorTable                       0x0800605a   Data           2  stm32f1xx_hal_rcc_ex.o(.constdata)
    aPLLMULFactorTable                       0x0800605c   Data          16  stm32f1xx_hal_rcc_ex.o(.constdata)
    .constdata                               0x0800606c   Section       16  system_stm32f1xx.o(.constdata)
    .constdata                               0x0800607c   Section        8  system_stm32f1xx.o(.constdata)
    .conststring                             0x08006084   Section      112  main.o(.conststring)
    .data                                    0x20000000   Section        8  fonts.o(.data)
    .data                                    0x20000008   Section        6  ssd1306.o(.data)
    SSD1306                                  0x20000008   Data           6  ssd1306.o(.data)
    .data                                    0x20000010   Section       36  main.o(.data)
    .data                                    0x20000034   Section       12  stm32f1xx_hal.o(.data)
    .data                                    0x20000040   Section        4  system_stm32f1xx.o(.data)
    .data                                    0x20000044   Section       60  tasks.o(.data)
    pxDelayedTaskList                        0x20000048   Data           4  tasks.o(.data)
    pxOverflowDelayedTaskList                0x2000004c   Data           4  tasks.o(.data)
    uxDeletedTasksWaitingCleanUp             0x20000050   Data           4  tasks.o(.data)
    uxCurrentNumberOfTasks                   0x20000054   Data           4  tasks.o(.data)
    xTickCount                               0x20000058   Data           4  tasks.o(.data)
    uxTopReadyPriority                       0x2000005c   Data           4  tasks.o(.data)
    xSchedulerRunning                        0x20000060   Data           4  tasks.o(.data)
    uxPendedTicks                            0x20000064   Data           4  tasks.o(.data)
    xYieldPending                            0x20000068   Data           4  tasks.o(.data)
    xNumOfOverflows                          0x2000006c   Data           4  tasks.o(.data)
    uxTaskNumber                             0x20000070   Data           4  tasks.o(.data)
    xNextTaskUnblockTime                     0x20000074   Data           4  tasks.o(.data)
    xIdleTaskHandle                          0x20000078   Data           4  tasks.o(.data)
    uxSchedulerSuspended                     0x2000007c   Data           4  tasks.o(.data)
    .data                                    0x20000080   Section       20  timers.o(.data)
    pxCurrentTimerList                       0x20000080   Data           4  timers.o(.data)
    pxOverflowTimerList                      0x20000084   Data           4  timers.o(.data)
    xTimerQueue                              0x20000088   Data           4  timers.o(.data)
    xTimerTaskHandle                         0x2000008c   Data           4  timers.o(.data)
    xLastTime                                0x20000090   Data           4  timers.o(.data)
    .data                                    0x20000094   Section        4  cmsis_os2.o(.data)
    KernelState                              0x20000094   Data           4  cmsis_os2.o(.data)
    .data                                    0x20000098   Section       24  heap_4.o(.data)
    pxEnd                                    0x20000098   Data           4  heap_4.o(.data)
    xFreeBytesRemaining                      0x2000009c   Data           4  heap_4.o(.data)
    xMinimumEverFreeBytesRemaining           0x200000a0   Data           4  heap_4.o(.data)
    xBlockAllocatedBit                       0x200000a4   Data           4  heap_4.o(.data)
    xStart                                   0x200000a8   Data           8  heap_4.o(.data)
    .data                                    0x200000b0   Section       12  port.o(.data)
    ucMaxSysCallPriority                     0x200000b0   Data           1  port.o(.data)
    uxCriticalNesting                        0x200000b4   Data           4  port.o(.data)
    ulMaxPRIGROUPValue                       0x200000b8   Data           4  port.o(.data)
    .bss                                     0x200000bc   Section     1024  ssd1306.o(.bss)
    SSD1306_Buffer                           0x200000bc   Data        1024  ssd1306.o(.bss)
    .bss                                     0x200004bc   Section      144  main.o(.bss)
    .bss                                     0x2000054c   Section       72  stm32f1xx_hal_timebase_tim.o(.bss)
    .bss                                     0x20000594   Section       64  queue.o(.bss)
    .bss                                     0x200005d4   Section     1220  tasks.o(.bss)
    pxReadyTasksLists                        0x200005d4   Data        1120  tasks.o(.bss)
    xDelayedTaskList1                        0x20000a34   Data          20  tasks.o(.bss)
    xDelayedTaskList2                        0x20000a48   Data          20  tasks.o(.bss)
    xPendingReadyList                        0x20000a5c   Data          20  tasks.o(.bss)
    xTasksWaitingTermination                 0x20000a70   Data          20  tasks.o(.bss)
    xSuspendedTaskList                       0x20000a84   Data          20  tasks.o(.bss)
    .bss                                     0x20000a98   Section      280  timers.o(.bss)
    xActiveTimerList1                        0x20000a98   Data          20  timers.o(.bss)
    xActiveTimerList2                        0x20000aac   Data          20  timers.o(.bss)
    xStaticTimerQueue                        0x20000ac0   Data          80  timers.o(.bss)
    ucStaticTimerQueueStorage                0x20000b10   Data         160  timers.o(.bss)
    .bss                                     0x20000bb0   Section     1720  cmsis_os2.o(.bss)
    Idle_TCB                                 0x20000bb0   Data          92  cmsis_os2.o(.bss)
    Idle_Stack                               0x20000c0c   Data         512  cmsis_os2.o(.bss)
    Timer_TCB                                0x20000e0c   Data          92  cmsis_os2.o(.bss)
    Timer_Stack                              0x20000e68   Data        1024  cmsis_os2.o(.bss)
    .bss                                     0x20001268   Section    10000  heap_4.o(.bss)
    ucHeap                                   0x20001268   Data       10000  heap_4.o(.bss)
    .bss                                     0x20003978   Section       96  libspace.o(.bss)
    HEAP                                     0x200039d8   Section      512  startup_stm32f103xb.o(HEAP)
    Heap_Mem                                 0x200039d8   Data         512  startup_stm32f103xb.o(HEAP)
    STACK                                    0x20003bd8   Section     1024  startup_stm32f103xb.o(STACK)
    Stack_Mem                                0x20003bd8   Data        1024  startup_stm32f103xb.o(STACK)
    __initial_sp                             0x20003fd8   Data           0  startup_stm32f103xb.o(STACK)

    Global Symbols

    Symbol Name                              Value     Ov Type        Size  Object(Section)

    BuildAttributes$$THM_ISAv4$P$D$K$B$S$PE$A:L22UL41UL21$X:L11$S22US41US21$IEEE1$IW$USESV6$~STKCKD$USESV7$~SHL$OTIME$ROPI$EBA8$UX$STANDARDLIB$REQ8$PRES8$EABIv2 0x00000000   Number         0  anon$$obj.o ABSOLUTE
    __ARM_use_no_argv                        0x00000000   Number         0  main.o ABSOLUTE
    __ARM_exceptions_init                     - Undefined Weak Reference
    __alloca_initialize                       - Undefined Weak Reference
    __arm_fini_                               - Undefined Weak Reference
    __arm_preinit_                            - Undefined Weak Reference
    __cpp_initialize__aeabi_                  - Undefined Weak Reference
    __cxa_finalize                            - Undefined Weak Reference
    __rt_locale                               - Undefined Weak Reference
    __sigvec_lookup                           - Undefined Weak Reference
    __user_heap_extent                        - Undefined Weak Reference
    _atexit_init                              - Undefined Weak Reference
    _call_atexit_fns                          - Undefined Weak Reference
    _clock_init                               - Undefined Weak Reference
    _fp_trap_init                             - Undefined Weak Reference
    _fp_trap_shutdown                         - Undefined Weak Reference
    _get_lc_collate                           - Undefined Weak Reference
    _get_lc_ctype                             - Undefined Weak Reference
    _get_lc_monetary                          - Undefined Weak Reference
    _get_lc_numeric                           - Undefined Weak Reference
    _get_lc_time                              - Undefined Weak Reference
    _getenv_init                              - Undefined Weak Reference
    _handle_redirection                       - Undefined Weak Reference
    _initio                                   - Undefined Weak Reference
    _mutex_acquire                            - Undefined Weak Reference
    _mutex_free                               - Undefined Weak Reference
    _mutex_release                            - Undefined Weak Reference
    _printf_post_padding                      - Undefined Weak Reference
    _printf_pre_padding                       - Undefined Weak Reference
    _printf_truncate_signed                   - Undefined Weak Reference
    _printf_truncate_unsigned                 - Undefined Weak Reference
    _rand_init                                - Undefined Weak Reference
    _signal_finish                            - Undefined Weak Reference
    _signal_init                              - Undefined Weak Reference
    _terminateio                              - Undefined Weak Reference
    __Vectors_Size                           0x000000ec   Number         0  startup_stm32f103xb.o ABSOLUTE
    __Vectors                                0x08000000   Data           4  startup_stm32f103xb.o(RESET)
    __Vectors_End                            0x080000ec   Data           0  startup_stm32f103xb.o(RESET)
    __main                                   0x080000ed   Thumb Code     8  __main.o(!!!main)
    __scatterload                            0x080000f5   Thumb Code     0  __scatter.o(!!!scatter)
    __scatterload_rt2                        0x080000f5   Thumb Code    44  __scatter.o(!!!scatter)
    __scatterload_rt2_thumb_only             0x080000f5   Thumb Code     0  __scatter.o(!!!scatter)
    __scatterload_null                       0x08000103   Thumb Code     0  __scatter.o(!!!scatter)
    __scatterload_copy                       0x08000129   Thumb Code    26  __scatter_copy.o(!!handler_copy)
    __scatterload_zeroinit                   0x08000145   Thumb Code    28  __scatter_zi.o(!!handler_zi)
    _printf_d                                0x08000161   Thumb Code     0  _printf_d.o(.ARM.Collect$$_printf_percent$$00000009)
    _printf_percent                          0x08000161   Thumb Code     0  _printf_percent.o(.ARM.Collect$$_printf_percent$$00000000)
    _printf_percent_end                      0x08000167   Thumb Code     0  _printf_percent_end.o(.ARM.Collect$$_printf_percent$$00000017)
    __rt_lib_init                            0x0800016b   Thumb Code     0  libinit.o(.ARM.Collect$$libinit$$00000000)
    __rt_lib_init_fp_1                       0x0800016d   Thumb Code     0  libinit2.o(.ARM.Collect$$libinit$$00000002)
    __rt_lib_init_heap_2                     0x0800016d   Thumb Code     0  libinit2.o(.ARM.Collect$$libinit$$00000005)
    __rt_lib_init_preinit_1                  0x0800016d   Thumb Code     0  libinit2.o(.ARM.Collect$$libinit$$00000004)
    __rt_lib_init_alloca_1                   0x08000175   Thumb Code     0  libinit2.o(.ARM.Collect$$libinit$$0000002E)
    __rt_lib_init_argv_1                     0x08000175   Thumb Code     0  libinit2.o(.ARM.Collect$$libinit$$0000002C)
    __rt_lib_init_atexit_1                   0x08000175   Thumb Code     0  libinit2.o(.ARM.Collect$$libinit$$0000001B)
    __rt_lib_init_clock_1                    0x08000175   Thumb Code     0  libinit2.o(.ARM.Collect$$libinit$$00000021)
    __rt_lib_init_cpp_1                      0x08000175   Thumb Code     0  libinit2.o(.ARM.Collect$$libinit$$00000032)
    __rt_lib_init_exceptions_1               0x08000175   Thumb Code     0  libinit2.o(.ARM.Collect$$libinit$$00000030)
    __rt_lib_init_fp_trap_1                  0x08000175   Thumb Code     0  libinit2.o(.ARM.Collect$$libinit$$0000001F)
    __rt_lib_init_getenv_1                   0x08000175   Thumb Code     0  libinit2.o(.ARM.Collect$$libinit$$00000023)
    __rt_lib_init_heap_1                     0x08000175   Thumb Code     0  libinit2.o(.ARM.Collect$$libinit$$0000000A)
    __rt_lib_init_lc_collate_1               0x08000175   Thumb Code     0  libinit2.o(.ARM.Collect$$libinit$$00000011)
    __rt_lib_init_lc_ctype_1                 0x08000175   Thumb Code     0  libinit2.o(.ARM.Collect$$libinit$$00000013)
    __rt_lib_init_lc_monetary_1              0x08000175   Thumb Code     0  libinit2.o(.ARM.Collect$$libinit$$00000015)
    __rt_lib_init_lc_numeric_1               0x08000175   Thumb Code     0  libinit2.o(.ARM.Collect$$libinit$$00000017)
    __rt_lib_init_lc_time_1                  0x08000175   Thumb Code     0  libinit2.o(.ARM.Collect$$libinit$$00000019)
    __rt_lib_init_rand_1                     0x08000175   Thumb Code     0  libinit2.o(.ARM.Collect$$libinit$$0000000E)
    __rt_lib_init_return                     0x08000175   Thumb Code     0  libinit2.o(.ARM.Collect$$libinit$$00000033)
    __rt_lib_init_signal_1                   0x08000175   Thumb Code     0  libinit2.o(.ARM.Collect$$libinit$$0000001D)
    __rt_lib_init_stdio_1                    0x08000175   Thumb Code     0  libinit2.o(.ARM.Collect$$libinit$$00000025)
    __rt_lib_init_user_alloc_1               0x08000175   Thumb Code     0  libinit2.o(.ARM.Collect$$libinit$$0000000C)
    __rt_lib_shutdown                        0x08000177   Thumb Code     0  libshutdown.o(.ARM.Collect$$libshutdown$$00000000)
    __rt_lib_shutdown_cpp_1                  0x08000179   Thumb Code     0  libshutdown2.o(.ARM.Collect$$libshutdown$$00000004)
    __rt_lib_shutdown_fini_1                 0x08000179   Thumb Code     0  libshutdown2.o(.ARM.Collect$$libshutdown$$00000002)
    __rt_lib_shutdown_fp_trap_1              0x08000179   Thumb Code     0  libshutdown2.o(.ARM.Collect$$libshutdown$$00000009)
    __rt_lib_shutdown_heap_1                 0x08000179   Thumb Code     0  libshutdown2.o(.ARM.Collect$$libshutdown$$00000011)
    __rt_lib_shutdown_return                 0x08000179   Thumb Code     0  libshutdown2.o(.ARM.Collect$$libshutdown$$00000012)
    __rt_lib_shutdown_signal_1               0x08000179   Thumb Code     0  libshutdown2.o(.ARM.Collect$$libshutdown$$0000000C)
    __rt_lib_shutdown_stdio_1                0x08000179   Thumb Code     0  libshutdown2.o(.ARM.Collect$$libshutdown$$00000006)
    __rt_lib_shutdown_user_alloc_1           0x08000179   Thumb Code     0  libshutdown2.o(.ARM.Collect$$libshutdown$$0000000E)
    __rt_entry                               0x0800017b   Thumb Code     0  __rtentry.o(.ARM.Collect$$rtentry$$00000000)
    __rt_entry_presh_1                       0x0800017b   Thumb Code     0  __rtentry2.o(.ARM.Collect$$rtentry$$00000002)
    __rt_entry_sh                            0x0800017b   Thumb Code     0  __rtentry4.o(.ARM.Collect$$rtentry$$00000004)
    __rt_entry_li                            0x08000181   Thumb Code     0  __rtentry2.o(.ARM.Collect$$rtentry$$0000000A)
    __rt_entry_postsh_1                      0x08000181   Thumb Code     0  __rtentry2.o(.ARM.Collect$$rtentry$$00000009)
    __rt_entry_main                          0x08000185   Thumb Code     0  __rtentry2.o(.ARM.Collect$$rtentry$$0000000D)
    __rt_entry_postli_1                      0x08000185   Thumb Code     0  __rtentry2.o(.ARM.Collect$$rtentry$$0000000C)
    __rt_exit                                0x0800018d   Thumb Code     0  rtexit.o(.ARM.Collect$$rtexit$$00000000)
    __rt_exit_ls                             0x0800018f   Thumb Code     0  rtexit2.o(.ARM.Collect$$rtexit$$00000003)
    __rt_exit_prels_1                        0x0800018f   Thumb Code     0  rtexit2.o(.ARM.Collect$$rtexit$$00000002)
    __rt_exit_exit                           0x08000193   Thumb Code     0  rtexit2.o(.ARM.Collect$$rtexit$$00000004)
    SVC_Handler                              0x08000199   Thumb Code    32  port.o(.emb_text)
    __asm___6_port_c_39a90d8d__prvStartFirstTask 0x080001bd   Thumb Code    28  port.o(.emb_text)
    PendSV_Handler                           0x080001dd   Thumb Code    72  port.o(.emb_text)
    vPortGetIPSR                             0x08000229   Thumb Code     6  port.o(.emb_text)
    Reset_Handler                            0x08000231   Thumb Code     8  startup_stm32f103xb.o(.text)
    _maybe_terminate_alloc                   0x08000231   Thumb Code     0  maybetermalloc1.o(.emb_text)
    ADC1_2_IRQHandler                        0x0800024b   Thumb Code     0  startup_stm32f103xb.o(.text)
    CAN1_RX1_IRQHandler                      0x0800024b   Thumb Code     0  startup_stm32f103xb.o(.text)
    CAN1_SCE_IRQHandler                      0x0800024b   Thumb Code     0  startup_stm32f103xb.o(.text)
    DMA1_Channel1_IRQHandler                 0x0800024b   Thumb Code     0  startup_stm32f103xb.o(.text)
    DMA1_Channel2_IRQHandler                 0x0800024b   Thumb Code     0  startup_stm32f103xb.o(.text)
    DMA1_Channel3_IRQHandler                 0x0800024b   Thumb Code     0  startup_stm32f103xb.o(.text)
    DMA1_Channel4_IRQHandler                 0x0800024b   Thumb Code     0  startup_stm32f103xb.o(.text)
    DMA1_Channel5_IRQHandler                 0x0800024b   Thumb Code     0  startup_stm32f103xb.o(.text)
    DMA1_Channel6_IRQHandler                 0x0800024b   Thumb Code     0  startup_stm32f103xb.o(.text)
    DMA1_Channel7_IRQHandler                 0x0800024b   Thumb Code     0  startup_stm32f103xb.o(.text)
    EXTI15_10_IRQHandler                     0x0800024b   Thumb Code     0  startup_stm32f103xb.o(.text)
    EXTI1_IRQHandler                         0x0800024b   Thumb Code     0  startup_stm32f103xb.o(.text)
    EXTI2_IRQHandler                         0x0800024b   Thumb Code     0  startup_stm32f103xb.o(.text)
    EXTI3_IRQHandler                         0x0800024b   Thumb Code     0  startup_stm32f103xb.o(.text)
    EXTI4_IRQHandler                         0x0800024b   Thumb Code     0  startup_stm32f103xb.o(.text)
    EXTI9_5_IRQHandler                       0x0800024b   Thumb Code     0  startup_stm32f103xb.o(.text)
    FLASH_IRQHandler                         0x0800024b   Thumb Code     0  startup_stm32f103xb.o(.text)
    I2C1_ER_IRQHandler                       0x0800024b   Thumb Code     0  startup_stm32f103xb.o(.text)
    I2C1_EV_IRQHandler                       0x0800024b   Thumb Code     0  startup_stm32f103xb.o(.text)
    I2C2_ER_IRQHandler                       0x0800024b   Thumb Code     0  startup_stm32f103xb.o(.text)
    I2C2_EV_IRQHandler                       0x0800024b   Thumb Code     0  startup_stm32f103xb.o(.text)
    PVD_IRQHandler                           0x0800024b   Thumb Code     0  startup_stm32f103xb.o(.text)
    RCC_IRQHandler                           0x0800024b   Thumb Code     0  startup_stm32f103xb.o(.text)
    RTC_Alarm_IRQHandler                     0x0800024b   Thumb Code     0  startup_stm32f103xb.o(.text)
    RTC_IRQHandler                           0x0800024b   Thumb Code     0  startup_stm32f103xb.o(.text)
    SPI1_IRQHandler                          0x0800024b   Thumb Code     0  startup_stm32f103xb.o(.text)
    SPI2_IRQHandler                          0x0800024b   Thumb Code     0  startup_stm32f103xb.o(.text)
    TAMPER_IRQHandler                        0x0800024b   Thumb Code     0  startup_stm32f103xb.o(.text)
    TIM1_BRK_IRQHandler                      0x0800024b   Thumb Code     0  startup_stm32f103xb.o(.text)
    TIM1_CC_IRQHandler                       0x0800024b   Thumb Code     0  startup_stm32f103xb.o(.text)
    TIM1_TRG_COM_IRQHandler                  0x0800024b   Thumb Code     0  startup_stm32f103xb.o(.text)
    TIM2_IRQHandler                          0x0800024b   Thumb Code     0  startup_stm32f103xb.o(.text)
    TIM3_IRQHandler                          0x0800024b   Thumb Code     0  startup_stm32f103xb.o(.text)
    TIM4_IRQHandler                          0x0800024b   Thumb Code     0  startup_stm32f103xb.o(.text)
    USART1_IRQHandler                        0x0800024b   Thumb Code     0  startup_stm32f103xb.o(.text)
    USART2_IRQHandler                        0x0800024b   Thumb Code     0  startup_stm32f103xb.o(.text)
    USART3_IRQHandler                        0x0800024b   Thumb Code     0  startup_stm32f103xb.o(.text)
    USBWakeUp_IRQHandler                     0x0800024b   Thumb Code     0  startup_stm32f103xb.o(.text)
    USB_HP_CAN1_TX_IRQHandler                0x0800024b   Thumb Code     0  startup_stm32f103xb.o(.text)
    USB_LP_CAN1_RX0_IRQHandler               0x0800024b   Thumb Code     0  startup_stm32f103xb.o(.text)
    WWDG_IRQHandler                          0x0800024b   Thumb Code     0  startup_stm32f103xb.o(.text)
    __user_initial_stackheap                 0x0800024d   Thumb Code     0  startup_stm32f103xb.o(.text)
    malloc                                   0x08000271   Thumb Code    94  h1_alloc.o(.text)
    __2sprintf                               0x080002d1   Thumb Code    34  noretval__2sprintf.o(.text)
    __printf                                 0x080002f9   Thumb Code   104  __printf.o(.text)
    _printf_int_dec                          0x08000361   Thumb Code   104  _printf_dec.o(.text)
    __aeabi_memcpy                           0x080003d9   Thumb Code     0  rt_memcpy_v6.o(.text)
    __rt_memcpy                              0x080003d9   Thumb Code   138  rt_memcpy_v6.o(.text)
    _memcpy_lastbytes                        0x0800043f   Thumb Code     0  rt_memcpy_v6.o(.text)
    __aeabi_memcpy4                          0x08000463   Thumb Code     0  rt_memcpy_w.o(.text)
    __aeabi_memcpy8                          0x08000463   Thumb Code     0  rt_memcpy_w.o(.text)
    __rt_memcpy_w                            0x08000463   Thumb Code   100  rt_memcpy_w.o(.text)
    _memcpy_lastbytes_aligned                0x080004ab   Thumb Code     0  rt_memcpy_w.o(.text)
    __aeabi_memset                           0x080004c7   Thumb Code    16  aeabi_memset.o(.text)
    __aeabi_memclr4                          0x080004d7   Thumb Code     0  rt_memclr_w.o(.text)
    __aeabi_memclr8                          0x080004d7   Thumb Code     0  rt_memclr_w.o(.text)
    __rt_memclr_w                            0x080004d7   Thumb Code    78  rt_memclr_w.o(.text)
    _memset_w                                0x080004db   Thumb Code     0  rt_memclr_w.o(.text)
    __use_two_region_memory                  0x08000525   Thumb Code     2  heapauxi.o(.text)
    __rt_heap_escrow                         0x08000527   Thumb Code     2  heapauxi.o(.text)
    __rt_heap_expand                         0x08000529   Thumb Code     2  heapauxi.o(.text)
    __rt_heap_descriptor                     0x0800052d   Thumb Code     8  rt_heap_descriptor_intlibspace.o(.text)
    __use_no_heap                            0x08000535   Thumb Code     2  hguard.o(.text)
    __heap$guard                             0x08000537   Thumb Code     2  hguard.o(.text)
    _terminate_user_alloc                    0x08000539   Thumb Code     2  init_alloc.o(.text)
    _init_user_alloc                         0x0800053b   Thumb Code     2  init_alloc.o(.text)
    __Heap_Full                              0x0800053d   Thumb Code    34  init_alloc.o(.text)
    __Heap_Broken                            0x0800055f   Thumb Code     6  init_alloc.o(.text)
    _init_alloc                              0x08000565   Thumb Code    94  init_alloc.o(.text)
    __Heap_Initialize                        0x080005c3   Thumb Code    10  h1_init.o(.text)
    __Heap_DescSize                          0x080005cd   Thumb Code     4  h1_init.o(.text)
    free                                     0x080005d1   Thumb Code    78  h1_free.o(.text)
    _printf_int_common                       0x0800061f   Thumb Code   178  _printf_intcommon.o(.text)
    _printf_char_common                      0x080006db   Thumb Code    32  _printf_char_common.o(.text)
    _sputc                                   0x08000701   Thumb Code    10  _sputc.o(.text)
    __aeabi_memclr                           0x0800070b   Thumb Code     0  rt_memclr.o(.text)
    __rt_memclr                              0x0800070b   Thumb Code    68  rt_memclr.o(.text)
    _memset                                  0x0800070f   Thumb Code     0  rt_memclr.o(.text)
    __user_libspace                          0x08000751   Thumb Code     8  libspace.o(.text)
    __user_perproc_libspace                  0x08000751   Thumb Code     0  libspace.o(.text)
    __user_perthread_libspace                0x08000751   Thumb Code     0  libspace.o(.text)
    __Heap_ProvideMemory                     0x08000759   Thumb Code    52  h1_extend.o(.text)
    __rt_SIGRTMEM                            0x0800078d   Thumb Code    14  defsig_rtmem_outer.o(.text)
    __I$use$semihosting                      0x0800079b   Thumb Code     0  use_no_semi.o(.text)
    __use_no_semihosting_swi                 0x0800079b   Thumb Code     2  use_no_semi.o(.text)
    __semihosting_library_function           0x0800079d   Thumb Code     0  indicate_semi.o(.text)
    __user_setup_stackheap                   0x0800079d   Thumb Code    74  sys_stackheap_outer.o(.text)
    exit                                     0x080007e7   Thumb Code    18  exit.o(.text)
    __sig_exit                               0x080007f9   Thumb Code    10  defsig_exit.o(.text)
    __rt_SIGRTMEM_inner                      0x08000805   Thumb Code    22  defsig_rtmem_inner.o(.text)
    _sys_exit                                0x08000855   Thumb Code     8  sys_exit.o(.text)
    __default_signal_display                 0x08000861   Thumb Code    50  defsig_general.o(.text)
    _ttywrch                                 0x08000893   Thumb Code    14  sys_wrch.o(.text)
    ADC_ConversionStop_Disable               0x080008a1   Thumb Code    84  stm32f1xx_hal_adc.o(i.ADC_ConversionStop_Disable)
    ADC_Enable                               0x080008f5   Thumb Code   118  stm32f1xx_hal_adc.o(i.ADC_Enable)
    BMSHandlerTask                           0x08000975   Thumb Code    12  main.o(i.BMSHandlerTask)
    BusFault_Handler                         0x08000981   Thumb Code     2  stm32f1xx_it.o(i.BusFault_Handler)
    ButtonsHandlerTask                       0x08000983   Thumb Code    12  main.o(i.ButtonsHandlerTask)
    DebugMon_Handler                         0x0800098f   Thumb Code     2  stm32f1xx_it.o(i.DebugMon_Handler)
    DisplayTask                              0x08000991   Thumb Code    44  main.o(i.DisplayTask)
    EXTI0_IRQHandler                         0x080009c5   Thumb Code     6  stm32f1xx_it.o(i.EXTI0_IRQHandler)
    Error_Handler                            0x080009cb   Thumb Code     4  main.o(i.Error_Handler)
    HAL_ADCEx_Calibration_Start              0x080009d1   Thumb Code   238  stm32f1xx_hal_adc_ex.o(i.HAL_ADCEx_Calibration_Start)
    HAL_ADC_ConfigChannel                    0x08000ac5   Thumb Code   250  stm32f1xx_hal_adc.o(i.HAL_ADC_ConfigChannel)
    HAL_ADC_GetValue                         0x08000bcd   Thumb Code     6  stm32f1xx_hal_adc.o(i.HAL_ADC_GetValue)
    HAL_ADC_Init                             0x08000bd5   Thumb Code   272  stm32f1xx_hal_adc.o(i.HAL_ADC_Init)
    HAL_ADC_MspInit                          0x08000ced   Thumb Code    76  stm32f1xx_hal_msp.o(i.HAL_ADC_MspInit)
    HAL_ADC_PollForConversion                0x08000d45   Thumb Code   320  stm32f1xx_hal_adc.o(i.HAL_ADC_PollForConversion)
    HAL_ADC_Start                            0x08000e91   Thumb Code   200  stm32f1xx_hal_adc.o(i.HAL_ADC_Start)
    HAL_GPIO_EXTI_Callback                   0x08000f61   Thumb Code    26  main.o(i.HAL_GPIO_EXTI_Callback)
    HAL_GPIO_EXTI_IRQHandler                 0x08000f81   Thumb Code    18  stm32f1xx_hal_gpio.o(i.HAL_GPIO_EXTI_IRQHandler)
    HAL_GPIO_Init                            0x08000f99   Thumb Code   464  stm32f1xx_hal_gpio.o(i.HAL_GPIO_Init)
    HAL_GPIO_WritePin                        0x08001189   Thumb Code    14  stm32f1xx_hal_gpio.o(i.HAL_GPIO_WritePin)
    HAL_GetTick                              0x08001199   Thumb Code     6  stm32f1xx_hal.o(i.HAL_GetTick)
    HAL_I2C_Init                             0x080011a5   Thumb Code   392  stm32f1xx_hal_i2c.o(i.HAL_I2C_Init)
    HAL_I2C_IsDeviceReady                    0x0800133d   Thumb Code   368  stm32f1xx_hal_i2c.o(i.HAL_I2C_IsDeviceReady)
    HAL_I2C_Master_Transmit                  0x080014b5   Thumb Code   318  stm32f1xx_hal_i2c.o(i.HAL_I2C_Master_Transmit)
    HAL_I2C_MspInit                          0x080015fd   Thumb Code    82  stm32f1xx_hal_msp.o(i.HAL_I2C_MspInit)
    HAL_IncTick                              0x0800165d   Thumb Code    12  stm32f1xx_hal.o(i.HAL_IncTick)
    HAL_Init                                 0x0800166d   Thumb Code    32  stm32f1xx_hal.o(i.HAL_Init)
    HAL_InitTick                             0x08001691   Thumb Code   118  stm32f1xx_hal_timebase_tim.o(i.HAL_InitTick)
    HAL_MspInit                              0x0800171d   Thumb Code    62  stm32f1xx_hal_msp.o(i.HAL_MspInit)
    HAL_NVIC_EnableIRQ                       0x08001765   Thumb Code    26  stm32f1xx_hal_cortex.o(i.HAL_NVIC_EnableIRQ)
    HAL_NVIC_SetPriority                     0x08001781   Thumb Code    60  stm32f1xx_hal_cortex.o(i.HAL_NVIC_SetPriority)
    HAL_NVIC_SetPriorityGrouping             0x080017c1   Thumb Code    26  stm32f1xx_hal_cortex.o(i.HAL_NVIC_SetPriorityGrouping)
    HAL_PWR_EnableWakeUpPin                  0x080017e5   Thumb Code    22  stm32f1xx_hal_pwr.o(i.HAL_PWR_EnableWakeUpPin)
    HAL_RCCEx_GetPeriphCLKFreq               0x08001801   Thumb Code   152  stm32f1xx_hal_rcc_ex.o(i.HAL_RCCEx_GetPeriphCLKFreq)
    HAL_RCCEx_PeriphCLKConfig                0x080018a9   Thumb Code   256  stm32f1xx_hal_rcc_ex.o(i.HAL_RCCEx_PeriphCLKConfig)
    HAL_RCC_ClockConfig                      0x080019b5   Thumb Code   318  stm32f1xx_hal_rcc.o(i.HAL_RCC_ClockConfig)
    HAL_RCC_GetClockConfig                   0x08001b09   Thumb Code    52  stm32f1xx_hal_rcc.o(i.HAL_RCC_GetClockConfig)
    HAL_RCC_GetHCLKFreq                      0x08001b45   Thumb Code     6  stm32f1xx_hal_rcc.o(i.HAL_RCC_GetHCLKFreq)
    HAL_RCC_GetPCLK1Freq                     0x08001b51   Thumb Code    22  stm32f1xx_hal_rcc.o(i.HAL_RCC_GetPCLK1Freq)
    HAL_RCC_GetPCLK2Freq                     0x08001b71   Thumb Code    22  stm32f1xx_hal_rcc.o(i.HAL_RCC_GetPCLK2Freq)
    HAL_RCC_GetSysClockFreq                  0x08001b91   Thumb Code    58  stm32f1xx_hal_rcc.o(i.HAL_RCC_GetSysClockFreq)
    HAL_RCC_OscConfig                        0x08001bdd   Thumb Code   882  stm32f1xx_hal_rcc.o(i.HAL_RCC_OscConfig)
    HAL_TIMEx_BreakCallback                  0x08001f61   Thumb Code     2  stm32f1xx_hal_tim_ex.o(i.HAL_TIMEx_BreakCallback)
    HAL_TIMEx_CommutCallback                 0x08001f63   Thumb Code     2  stm32f1xx_hal_tim_ex.o(i.HAL_TIMEx_CommutCallback)
    HAL_TIM_Base_Init                        0x08001f65   Thumb Code    74  stm32f1xx_hal_tim.o(i.HAL_TIM_Base_Init)
    HAL_TIM_Base_MspInit                     0x08001faf   Thumb Code     2  stm32f1xx_hal_tim.o(i.HAL_TIM_Base_MspInit)
    HAL_TIM_Base_Start_IT                    0x08001fb1   Thumb Code    86  stm32f1xx_hal_tim.o(i.HAL_TIM_Base_Start_IT)
    HAL_TIM_IC_CaptureCallback               0x08002015   Thumb Code     2  stm32f1xx_hal_tim.o(i.HAL_TIM_IC_CaptureCallback)
    HAL_TIM_IRQHandler                       0x08002017   Thumb Code   366  stm32f1xx_hal_tim.o(i.HAL_TIM_IRQHandler)
    HAL_TIM_OC_DelayElapsedCallback          0x08002185   Thumb Code     2  stm32f1xx_hal_tim.o(i.HAL_TIM_OC_DelayElapsedCallback)
    HAL_TIM_PWM_PulseFinishedCallback        0x08002187   Thumb Code     2  stm32f1xx_hal_tim.o(i.HAL_TIM_PWM_PulseFinishedCallback)
    HAL_TIM_PeriodElapsedCallback            0x08002189   Thumb Code    14  main.o(i.HAL_TIM_PeriodElapsedCallback)
    HAL_TIM_TriggerCallback                  0x0800219d   Thumb Code     2  stm32f1xx_hal_tim.o(i.HAL_TIM_TriggerCallback)
    HardFault_Handler                        0x0800219f   Thumb Code     2  stm32f1xx_it.o(i.HardFault_Handler)
    MemManage_Handler                        0x08002615   Thumb Code     2  stm32f1xx_it.o(i.MemManage_Handler)
    NMI_Handler                              0x08002617   Thumb Code     2  stm32f1xx_it.o(i.NMI_Handler)
    SSD1306_Clear                            0x0800263d   Thumb Code    16  ssd1306.o(i.SSD1306_Clear)
    SSD1306_DrawFilledRectangle              0x0800264d   Thumb Code    90  ssd1306.o(i.SSD1306_DrawFilledRectangle)
    SSD1306_DrawLine                         0x080026a7   Thumb Code   272  ssd1306.o(i.SSD1306_DrawLine)
    SSD1306_DrawPixel                        0x080027b9   Thumb Code    60  ssd1306.o(i.SSD1306_DrawPixel)
    SSD1306_Fill                             0x080027fd   Thumb Code    20  ssd1306.o(i.SSD1306_Fill)
    SSD1306_GotoXY                           0x08002815   Thumb Code     8  ssd1306.o(i.SSD1306_GotoXY)
    SSD1306_Init                             0x08002821   Thumb Code   352  ssd1306.o(i.SSD1306_Init)
    SSD1306_Putc                             0x08002989   Thumb Code   162  ssd1306.o(i.SSD1306_Putc)
    SSD1306_Puts                             0x08002a31   Thumb Code    40  ssd1306.o(i.SSD1306_Puts)
    SSD1306_UpdateScreen                     0x08002a59   Thumb Code    64  ssd1306.o(i.SSD1306_UpdateScreen)
    SysTick_Handler                          0x08002a9d   Thumb Code    38  port.o(i.SysTick_Handler)
    SystemClock_Config                       0x08002ac9   Thumb Code   122  main.o(i.SystemClock_Config)
    SystemInit                               0x08002b43   Thumb Code     2  system_stm32f1xx.o(i.SystemInit)
    TIM1_UP_IRQHandler                       0x08002b45   Thumb Code     6  stm32f1xx_it.o(i.TIM1_UP_IRQHandler)
    TIM_Base_SetConfig                       0x08002b51   Thumb Code    94  stm32f1xx_hal_tim.o(i.TIM_Base_SetConfig)
    UsageFault_Handler                       0x08002bbd   Thumb Code     2  stm32f1xx_it.o(i.UsageFault_Handler)
    display_init                             0x08002be1   Thumb Code    56  display.o(i.display_init)
    main                                     0x08002c29   Thumb Code   312  main.o(i.main)
    mmhgHandlerTask                          0x08002d8d   Thumb Code    78  main.o(i.mmhgHandlerTask)
    osDelay                                  0x08002de9   Thumb Code    48  cmsis_os2.o(i.osDelay)
    osEventFlagsNew                          0x08002e1d   Thumb Code    94  cmsis_os2.o(i.osEventFlagsNew)
    osKernelInitialize                       0x08002e81   Thumb Code    50  cmsis_os2.o(i.osKernelInitialize)
    osKernelStart                            0x08002eb9   Thumb Code    58  cmsis_os2.o(i.osKernelStart)
    osMessageQueueNew                        0x08002ef9   Thumb Code   148  cmsis_os2.o(i.osMessageQueueNew)
    osSemaphoreNew                           0x08002f91   Thumb Code   202  cmsis_os2.o(i.osSemaphoreNew)
    osThreadFlagsSet                         0x08003061   Thumb Code   132  cmsis_os2.o(i.osThreadFlagsSet)
    osThreadNew                              0x080030ed   Thumb Code   214  cmsis_os2.o(i.osThreadNew)
    pvPortMalloc                             0x08003991   Thumb Code   208  heap_4.o(i.pvPortMalloc)
    pxPortInitialiseStack                    0x08003a65   Thumb Code    24  port.o(i.pxPortInitialiseStack)
    set_preasure                             0x08003a81   Thumb Code    92  display.o(i.set_preasure)
    ssd1306_I2C_Init                         0x08003afd   Thumb Code    10  ssd1306.o(i.ssd1306_I2C_Init)
    ssd1306_I2C_Write                        0x08003b0d   Thumb Code    30  ssd1306.o(i.ssd1306_I2C_Write)
    ssd1306_I2C_WriteMulti                   0x08003b31   Thumb Code    52  ssd1306.o(i.ssd1306_I2C_WriteMulti)
    uxListRemove                             0x08003b69   Thumb Code    38  list.o(i.uxListRemove)
    vApplicationGetIdleTaskMemory            0x08003b91   Thumb Code    16  cmsis_os2.o(i.vApplicationGetIdleTaskMemory)
    vApplicationGetTimerTaskMemory           0x08003ba5   Thumb Code    18  cmsis_os2.o(i.vApplicationGetTimerTaskMemory)
    vListInitialise                          0x08003bbd   Thumb Code    22  list.o(i.vListInitialise)
    vListInitialiseItem                      0x08003bd3   Thumb Code     6  list.o(i.vListInitialiseItem)
    vListInsert                              0x08003bd9   Thumb Code    48  list.o(i.vListInsert)
    vListInsertEnd                           0x08003c09   Thumb Code    24  list.o(i.vListInsertEnd)
    vPortEnterCritical                       0x08003c21   Thumb Code    54  port.o(i.vPortEnterCritical)
    vPortExitCritical                        0x08003c61   Thumb Code    38  port.o(i.vPortExitCritical)
    vPortFree                                0x08003c8d   Thumb Code    88  heap_4.o(i.vPortFree)
    vPortSetupTimerInterrupt                 0x08003ce9   Thumb Code    32  port.o(i.vPortSetupTimerInterrupt)
    vPortValidateInterruptPriority           0x08003d0d   Thumb Code    74  port.o(i.vPortValidateInterruptPriority)
    vQueueAddToRegistry                      0x08003d61   Thumb Code    32  queue.o(i.vQueueAddToRegistry)
    vQueueDelete                             0x08003d85   Thumb Code    50  queue.o(i.vQueueDelete)
    vQueueUnregisterQueue                    0x08003db9   Thumb Code    36  queue.o(i.vQueueUnregisterQueue)
    vQueueWaitForMessageRestricted           0x08003de1   Thumb Code    70  queue.o(i.vQueueWaitForMessageRestricted)
    vTaskDelay                               0x08003e29   Thumb Code    70  tasks.o(i.vTaskDelay)
    vTaskInternalSetTimeOutState             0x08003e79   Thumb Code    12  tasks.o(i.vTaskInternalSetTimeOutState)
    vTaskMissedYield                         0x08003e89   Thumb Code     8  tasks.o(i.vTaskMissedYield)
    vTaskPlaceOnEventList                    0x08003e95   Thumb Code    46  tasks.o(i.vTaskPlaceOnEventList)
    vTaskPlaceOnEventListRestricted          0x08003ec9   Thumb Code    54  tasks.o(i.vTaskPlaceOnEventListRestricted)
    vTaskStartScheduler                      0x08003f05   Thumb Code   126  tasks.o(i.vTaskStartScheduler)
    vTaskSuspendAll                          0x08003f95   Thumb Code    10  tasks.o(i.vTaskSuspendAll)
    vTaskSwitchContext                       0x08003fa5   Thumb Code    94  tasks.o(i.vTaskSwitchContext)
    xEventGroupCreate                        0x0800400d   Thumb Code    28  event_groups.o(i.xEventGroupCreate)
    xEventGroupCreateStatic                  0x08004029   Thumb Code    46  event_groups.o(i.xEventGroupCreateStatic)
    xPortStartScheduler                      0x08004059   Thumb Code   154  port.o(i.xPortStartScheduler)
    xQueueCreateCountingSemaphore            0x08004101   Thumb Code    60  queue.o(i.xQueueCreateCountingSemaphore)
    xQueueCreateCountingSemaphoreStatic      0x0800413d   Thumb Code    66  queue.o(i.xQueueCreateCountingSemaphoreStatic)
    xQueueGenericCreate                      0x0800417f   Thumb Code    74  queue.o(i.xQueueGenericCreate)
    xQueueGenericCreateStatic                0x080041c9   Thumb Code   108  queue.o(i.xQueueGenericCreateStatic)
    xQueueGenericReset                       0x08004235   Thumb Code   134  queue.o(i.xQueueGenericReset)
    xQueueGenericSend                        0x080042c1   Thumb Code   352  queue.o(i.xQueueGenericSend)
    xQueueGenericSendFromISR                 0x08004425   Thumb Code   190  queue.o(i.xQueueGenericSendFromISR)
    xQueueReceive                            0x080044e5   Thumb Code   310  queue.o(i.xQueueReceive)
    xTaskCheckForTimeOut                     0x08004621   Thumb Code   118  tasks.o(i.xTaskCheckForTimeOut)
    xTaskCreate                              0x0800469d   Thumb Code   100  tasks.o(i.xTaskCreate)
    xTaskCreateStatic                        0x08004701   Thumb Code    92  tasks.o(i.xTaskCreateStatic)
    xTaskGenericNotify                       0x0800475d   Thumb Code   194  tasks.o(i.xTaskGenericNotify)
    xTaskGenericNotifyFromISR                0x0800482d   Thumb Code   238  tasks.o(i.xTaskGenericNotifyFromISR)
    xTaskGetSchedulerState                   0x08004929   Thumb Code    24  tasks.o(i.xTaskGetSchedulerState)
    xTaskGetTickCount                        0x08004945   Thumb Code     6  tasks.o(i.xTaskGetTickCount)
    xTaskIncrementTick                       0x08004951   Thumb Code   194  tasks.o(i.xTaskIncrementTick)
    xTaskPriorityDisinherit                  0x08004a1d   Thumb Code   116  tasks.o(i.xTaskPriorityDisinherit)
    xTaskRemoveFromEventList                 0x08004a99   Thumb Code   106  tasks.o(i.xTaskRemoveFromEventList)
    xTaskResumeAll                           0x08004b11   Thumb Code   184  tasks.o(i.xTaskResumeAll)
    xTimerCreateTimerTask                    0x08004bd9   Thumb Code    86  timers.o(i.xTimerCreateTimerTask)
    xTimerGenericCommand                     0x08004c41   Thumb Code   104  timers.o(i.xTimerGenericCommand)
    __aeabi_d2f                              0x08004cad   Thumb Code     0  d2f.o(x$fpl$d2f)
    _d2f                                     0x08004cad   Thumb Code    98  d2f.o(x$fpl$d2f)
    __fpl_dcheck_NaN1                        0x08004d11   Thumb Code    10  dcheck1.o(x$fpl$dcheck1)
    __aeabi_ui2d                             0x08004d21   Thumb Code     0  dflt_clz.o(x$fpl$dfltu)
    _dfltu                                   0x08004d21   Thumb Code    38  dflt_clz.o(x$fpl$dfltu)
    __aeabi_dmul                             0x08004d49   Thumb Code     0  dmul.o(x$fpl$dmul)
    _dmul                                    0x08004d49   Thumb Code   332  dmul.o(x$fpl$dmul)
    __fpl_dnaninf                            0x08004e9d   Thumb Code   156  dnaninf.o(x$fpl$dnaninf)
    __fpl_dretinf                            0x08004f39   Thumb Code    12  dretinf.o(x$fpl$dretinf)
    __aeabi_f2uiz                            0x08004f45   Thumb Code     0  ffixu.o(x$fpl$ffixu)
    _ffixu                                   0x08004f45   Thumb Code    62  ffixu.o(x$fpl$ffixu)
    __aeabi_fmul                             0x08004f85   Thumb Code     0  fmul.o(x$fpl$fmul)
    _fmul                                    0x08004f85   Thumb Code   258  fmul.o(x$fpl$fmul)
    __fpl_fnaninf                            0x08005087   Thumb Code   140  fnaninf.o(x$fpl$fnaninf)
    __fpl_fretinf                            0x08005113   Thumb Code    10  fretinf.o(x$fpl$fretinf)
    __fpl_return_NaN                         0x0800511d   Thumb Code   100  retnan.o(x$fpl$retnan)
    __ARM_scalbn                             0x08005181   Thumb Code    92  scalbn.o(x$fpl$scalbn)
    __fpl_cmpreturn                          0x080051dd   Thumb Code    48  trapv.o(x$fpl$trapveneer)
    Font11x18                                0x0800520c   Data        3420  fonts.o(.constdata)
    __I$use$fp                               0x0800520c   Number         0  usenofp.o(x$fpl$usenofp)
    mmhgHandler_attributes                   0x08005f68   Data          36  main.o(.constdata)
    Display_attributes                       0x08005f8c   Data          36  main.o(.constdata)
    ButtonHandler_attributes                 0x08005fb0   Data          36  main.o(.constdata)
    BMSHandler_attributes                    0x08005fd4   Data          36  main.o(.constdata)
    DisplayQueue_attributes                  0x08005ff8   Data          24  main.o(.constdata)
    mmhgQueue_attributes                     0x08006010   Data          24  main.o(.constdata)
    I2CSemaphore_attributes                  0x08006028   Data          16  main.o(.constdata)
    Mode_Button_Event_attributes             0x08006038   Data          16  main.o(.constdata)
    AHBPrescTable                            0x0800606c   Data          16  system_stm32f1xx.o(.constdata)
    APBPrescTable                            0x0800607c   Data           8  system_stm32f1xx.o(.constdata)
    Region$$Table$$Base                      0x080060f4   Number         0  anon$$obj.o(Region$$Table)
    Region$$Table$$Limit                     0x08006114   Number         0  anon$$obj.o(Region$$Table)
    Font_11x18                               0x20000000   Data           8  fonts.o(.data)
    mmhgHandlerHandle                        0x20000010   Data           4  main.o(.data)
    DisplayHandle                            0x20000014   Data           4  main.o(.data)
    ButtonHandlerHandle                      0x20000018   Data           4  main.o(.data)
    BMSHandlerHandle                         0x2000001c   Data           4  main.o(.data)
    DisplayQueueHandle                       0x20000020   Data           4  main.o(.data)
    mmhgQueueHandle                          0x20000024   Data           4  main.o(.data)
    I2CSemaphoreHandle                       0x20000028   Data           4  main.o(.data)
    Mode_Button_EventHandle                  0x2000002c   Data           4  main.o(.data)
    temp                                     0x20000030   Data           4  main.o(.data)
    uwTickFreq                               0x20000034   Data           1  stm32f1xx_hal.o(.data)
    uwTickPrio                               0x20000038   Data           4  stm32f1xx_hal.o(.data)
    uwTick                                   0x2000003c   Data           4  stm32f1xx_hal.o(.data)
    SystemCoreClock                          0x20000040   Data           4  system_stm32f1xx.o(.data)
    pxCurrentTCB                             0x20000044   Data           4  tasks.o(.data)
    hadc1                                    0x200004bc   Data          48  main.o(.bss)
    hi2c2                                    0x200004ec   Data          84  main.o(.bss)
    battery_managment                        0x20000540   Data          12  main.o(.bss)
    htim1                                    0x2000054c   Data          72  stm32f1xx_hal_timebase_tim.o(.bss)
    xQueueRegistry                           0x20000594   Data          64  queue.o(.bss)
    __libspace_start                         0x20003978   Data          96  libspace.o(.bss)
    __temporary_stack_top$libspace           0x200039d8   Data           0  libspace.o(.bss)



==============================================================================

Memory Map of the image

  Image Entry point : 0x080000ed

  Load Region LR_IROM1 (Base: 0x08000000, Size: 0x000061d0, Max: 0x00010000, ABSOLUTE)

    Execution Region ER_IROM1 (Exec base: 0x08000000, Load base: 0x08000000, Size: 0x00006114, Max: 0x00010000, ABSOLUTE)

    Exec Addr    Load Addr    Size         Type   Attr      Idx    E Section Name        Object

    0x08000000   0x08000000   0x000000ec   Data   RO            3    RESET               startup_stm32f103xb.o
    0x080000ec   0x080000ec   0x00000008   Code   RO         5496  * !!!main             c_w.l(__main.o)
    0x080000f4   0x080000f4   0x00000034   Code   RO         5771    !!!scatter          c_w.l(__scatter.o)
    0x08000128   0x08000128   0x0000001a   Code   RO         5773    !!handler_copy      c_w.l(__scatter_copy.o)
    0x08000142   0x08000142   0x00000002   PAD
    0x08000144   0x08000144   0x0000001c   Code   RO         5775    !!handler_zi        c_w.l(__scatter_zi.o)
    0x08000160   0x08000160   0x00000000   Code   RO         5481    .ARM.Collect$$_printf_percent$$00000000  c_w.l(_printf_percent.o)
    0x08000160   0x08000160   0x00000006   Code   RO         5480    .ARM.Collect$$_printf_percent$$00000009  c_w.l(_printf_d.o)
    0x08000166   0x08000166   0x00000004   Code   RO         5576    .ARM.Collect$$_printf_percent$$00000017  c_w.l(_printf_percent_end.o)
    0x0800016a   0x0800016a   0x00000002   Code   RO         5706    .ARM.Collect$$libinit$$00000000  c_w.l(libinit.o)
    0x0800016c   0x0800016c   0x00000000   Code   RO         5582    .ARM.Collect$$libinit$$00000002  c_w.l(libinit2.o)
    0x0800016c   0x0800016c   0x00000000   Code   RO         5584    .ARM.Collect$$libinit$$00000004  c_w.l(libinit2.o)
    0x0800016c   0x0800016c   0x00000008   Code   RO         5585    .ARM.Collect$$libinit$$00000005  c_w.l(libinit2.o)
    0x08000174   0x08000174   0x00000000   Code   RO         5587    .ARM.Collect$$libinit$$0000000A  c_w.l(libinit2.o)
    0x08000174   0x08000174   0x00000000   Code   RO         5589    .ARM.Collect$$libinit$$0000000C  c_w.l(libinit2.o)
    0x08000174   0x08000174   0x00000000   Code   RO         5591    .ARM.Collect$$libinit$$0000000E  c_w.l(libinit2.o)
    0x08000174   0x08000174   0x00000000   Code   RO         5594    .ARM.Collect$$libinit$$00000011  c_w.l(libinit2.o)
    0x08000174   0x08000174   0x00000000   Code   RO         5596    .ARM.Collect$$libinit$$00000013  c_w.l(libinit2.o)
    0x08000174   0x08000174   0x00000000   Code   RO         5598    .ARM.Collect$$libinit$$00000015  c_w.l(libinit2.o)
    0x08000174   0x08000174   0x00000000   Code   RO         5600    .ARM.Collect$$libinit$$00000017  c_w.l(libinit2.o)
    0x08000174   0x08000174   0x00000000   Code   RO         5602    .ARM.Collect$$libinit$$00000019  c_w.l(libinit2.o)
    0x08000174   0x08000174   0x00000000   Code   RO         5604    .ARM.Collect$$libinit$$0000001B  c_w.l(libinit2.o)
    0x08000174   0x08000174   0x00000000   Code   RO         5606    .ARM.Collect$$libinit$$0000001D  c_w.l(libinit2.o)
    0x08000174   0x08000174   0x00000000   Code   RO         5608    .ARM.Collect$$libinit$$0000001F  c_w.l(libinit2.o)
    0x08000174   0x08000174   0x00000000   Code   RO         5610    .ARM.Collect$$libinit$$00000021  c_w.l(libinit2.o)
    0x08000174   0x08000174   0x00000000   Code   RO         5612    .ARM.Collect$$libinit$$00000023  c_w.l(libinit2.o)
    0x08000174   0x08000174   0x00000000   Code   RO         5614    .ARM.Collect$$libinit$$00000025  c_w.l(libinit2.o)
    0x08000174   0x08000174   0x00000000   Code   RO         5618    .ARM.Collect$$libinit$$0000002C  c_w.l(libinit2.o)
    0x08000174   0x08000174   0x00000000   Code   RO         5620    .ARM.Collect$$libinit$$0000002E  c_w.l(libinit2.o)
    0x08000174   0x08000174   0x00000000   Code   RO         5622    .ARM.Collect$$libinit$$00000030  c_w.l(libinit2.o)
    0x08000174   0x08000174   0x00000000   Code   RO         5624    .ARM.Collect$$libinit$$00000032  c_w.l(libinit2.o)
    0x08000174   0x08000174   0x00000002   Code   RO         5625    .ARM.Collect$$libinit$$00000033  c_w.l(libinit2.o)
    0x08000176   0x08000176   0x00000002   Code   RO         5768    .ARM.Collect$$libshutdown$$00000000  c_w.l(libshutdown.o)
    0x08000178   0x08000178   0x00000000   Code   RO         5722    .ARM.Collect$$libshutdown$$00000002  c_w.l(libshutdown2.o)
    0x08000178   0x08000178   0x00000000   Code   RO         5724    .ARM.Collect$$libshutdown$$00000004  c_w.l(libshutdown2.o)
    0x08000178   0x08000178   0x00000000   Code   RO         5726    .ARM.Collect$$libshutdown$$00000006  c_w.l(libshutdown2.o)
    0x08000178   0x08000178   0x00000000   Code   RO         5729    .ARM.Collect$$libshutdown$$00000009  c_w.l(libshutdown2.o)
    0x08000178   0x08000178   0x00000000   Code   RO         5732    .ARM.Collect$$libshutdown$$0000000C  c_w.l(libshutdown2.o)
    0x08000178   0x08000178   0x00000000   Code   RO         5734    .ARM.Collect$$libshutdown$$0000000E  c_w.l(libshutdown2.o)
    0x08000178   0x08000178   0x00000000   Code   RO         5737    .ARM.Collect$$libshutdown$$00000011  c_w.l(libshutdown2.o)
    0x08000178   0x08000178   0x00000002   Code   RO         5738    .ARM.Collect$$libshutdown$$00000012  c_w.l(libshutdown2.o)
    0x0800017a   0x0800017a   0x00000000   Code   RO         5538    .ARM.Collect$$rtentry$$00000000  c_w.l(__rtentry.o)
    0x0800017a   0x0800017a   0x00000000   Code   RO         5645    .ARM.Collect$$rtentry$$00000002  c_w.l(__rtentry2.o)
    0x0800017a   0x0800017a   0x00000006   Code   RO         5657    .ARM.Collect$$rtentry$$00000004  c_w.l(__rtentry4.o)
    0x08000180   0x08000180   0x00000000   Code   RO         5647    .ARM.Collect$$rtentry$$00000009  c_w.l(__rtentry2.o)
    0x08000180   0x08000180   0x00000004   Code   RO         5648    .ARM.Collect$$rtentry$$0000000A  c_w.l(__rtentry2.o)
    0x08000184   0x08000184   0x00000000   Code   RO         5650    .ARM.Collect$$rtentry$$0000000C  c_w.l(__rtentry2.o)
    0x08000184   0x08000184   0x00000008   Code   RO         5651    .ARM.Collect$$rtentry$$0000000D  c_w.l(__rtentry2.o)
    0x0800018c   0x0800018c   0x00000002   Code   RO         5711    .ARM.Collect$$rtexit$$00000000  c_w.l(rtexit.o)
    0x0800018e   0x0800018e   0x00000000   Code   RO         5742    .ARM.Collect$$rtexit$$00000002  c_w.l(rtexit2.o)
    0x0800018e   0x0800018e   0x00000004   Code   RO         5743    .ARM.Collect$$rtexit$$00000003  c_w.l(rtexit2.o)
    0x08000192   0x08000192   0x00000006   Code   RO         5744    .ARM.Collect$$rtexit$$00000004  c_w.l(rtexit2.o)
    0x08000198   0x08000198   0x00000096   Code   RO         5315    .emb_text           port.o
    0x0800022e   0x0800022e   0x00000002   PAD
    0x08000230   0x08000230   0x00000000   Code   RO         5661    .emb_text           c_w.l(maybetermalloc1.o)
    0x08000230   0x08000230   0x00000040   Code   RO            4    .text               startup_stm32f103xb.o
    0x08000270   0x08000270   0x0000005e   Code   RO         5396    .text               c_w.l(h1_alloc.o)
    0x080002ce   0x080002ce   0x00000002   PAD
    0x080002d0   0x080002d0   0x00000028   Code   RO         5454    .text               c_w.l(noretval__2sprintf.o)
    0x080002f8   0x080002f8   0x00000068   Code   RO         5456    .text               c_w.l(__printf.o)
    0x08000360   0x08000360   0x00000078   Code   RO         5458    .text               c_w.l(_printf_dec.o)
    0x080003d8   0x080003d8   0x0000008a   Code   RO         5484    .text               c_w.l(rt_memcpy_v6.o)
    0x08000462   0x08000462   0x00000064   Code   RO         5486    .text               c_w.l(rt_memcpy_w.o)
    0x080004c6   0x080004c6   0x00000010   Code   RO         5490    .text               c_w.l(aeabi_memset.o)
    0x080004d6   0x080004d6   0x0000004e   Code   RO         5492    .text               c_w.l(rt_memclr_w.o)
    0x08000524   0x08000524   0x00000006   Code   RO         5494    .text               c_w.l(heapauxi.o)
    0x0800052a   0x0800052a   0x00000002   PAD
    0x0800052c   0x0800052c   0x00000008   Code   RO         5542    .text               c_w.l(rt_heap_descriptor_intlibspace.o)
    0x08000534   0x08000534   0x00000004   Code   RO         5544    .text               c_w.l(hguard.o)
    0x08000538   0x08000538   0x0000008a   Code   RO         5546    .text               c_w.l(init_alloc.o)
    0x080005c2   0x080005c2   0x0000000e   Code   RO         5552    .text               c_w.l(h1_init.o)
    0x080005d0   0x080005d0   0x0000004e   Code   RO         5554    .text               c_w.l(h1_free.o)
    0x0800061e   0x0800061e   0x000000b2   Code   RO         5570    .text               c_w.l(_printf_intcommon.o)
    0x080006d0   0x080006d0   0x00000030   Code   RO         5572    .text               c_w.l(_printf_char_common.o)
    0x08000700   0x08000700   0x0000000a   Code   RO         5574    .text               c_w.l(_sputc.o)
    0x0800070a   0x0800070a   0x00000044   Code   RO         5577    .text               c_w.l(rt_memclr.o)
    0x0800074e   0x0800074e   0x00000002   PAD
    0x08000750   0x08000750   0x00000008   Code   RO         5641    .text               c_w.l(libspace.o)
    0x08000758   0x08000758   0x00000034   Code   RO         5663    .text               c_w.l(h1_extend.o)
    0x0800078c   0x0800078c   0x0000000e   Code   RO         5669    .text               c_w.l(defsig_rtmem_outer.o)
    0x0800079a   0x0800079a   0x00000002   Code   RO         5682    .text               c_w.l(use_no_semi.o)
    0x0800079c   0x0800079c   0x00000000   Code   RO         5684    .text               c_w.l(indicate_semi.o)
    0x0800079c   0x0800079c   0x0000004a   Code   RO         5685    .text               c_w.l(sys_stackheap_outer.o)
    0x080007e6   0x080007e6   0x00000012   Code   RO         5691    .text               c_w.l(exit.o)
    0x080007f8   0x080007f8   0x0000000a   Code   RO         5693    .text               c_w.l(defsig_exit.o)
    0x08000802   0x08000802   0x00000002   PAD
    0x08000804   0x08000804   0x00000050   Code   RO         5695    .text               c_w.l(defsig_rtmem_inner.o)
    0x08000854   0x08000854   0x0000000c   Code   RO         5709    .text               c_w.l(sys_exit.o)
    0x08000860   0x08000860   0x00000032   Code   RO         5719    .text               c_w.l(defsig_general.o)
    0x08000892   0x08000892   0x0000000e   Code   RO         5739    .text               c_w.l(sys_wrch.o)
    0x080008a0   0x080008a0   0x00000054   Code   RO          967    i.ADC_ConversionStop_Disable  stm32f1xx_hal_adc.o
    0x080008f4   0x080008f4   0x00000080   Code   RO          971    i.ADC_Enable        stm32f1xx_hal_adc.o
    0x08000974   0x08000974   0x0000000c   Code   RO          614    i.BMSHandlerTask    main.o
    0x08000980   0x08000980   0x00000002   Code   RO          774    i.BusFault_Handler  stm32f1xx_it.o
    0x08000982   0x08000982   0x0000000c   Code   RO          615    i.ButtonsHandlerTask  main.o
    0x0800098e   0x0800098e   0x00000002   Code   RO          775    i.DebugMon_Handler  stm32f1xx_it.o
    0x08000990   0x08000990   0x00000034   Code   RO          616    i.DisplayTask       main.o
    0x080009c4   0x080009c4   0x00000006   Code   RO          776    i.EXTI0_IRQHandler  stm32f1xx_it.o
    0x080009ca   0x080009ca   0x00000004   Code   RO          617    i.Error_Handler     main.o
    0x080009ce   0x080009ce   0x00000002   PAD
    0x080009d0   0x080009d0   0x000000f4   Code   RO         1147    i.HAL_ADCEx_Calibration_Start  stm32f1xx_hal_adc_ex.o
    0x08000ac4   0x08000ac4   0x00000108   Code   RO          973    i.HAL_ADC_ConfigChannel  stm32f1xx_hal_adc.o
    0x08000bcc   0x08000bcc   0x00000006   Code   RO          980    i.HAL_ADC_GetValue  stm32f1xx_hal_adc.o
    0x08000bd2   0x08000bd2   0x00000002   PAD
    0x08000bd4   0x08000bd4   0x00000118   Code   RO          982    i.HAL_ADC_Init      stm32f1xx_hal_adc.o
    0x08000cec   0x08000cec   0x00000058   Code   RO          845    i.HAL_ADC_MspInit   stm32f1xx_hal_msp.o
    0x08000d44   0x08000d44   0x0000014c   Code   RO          986    i.HAL_ADC_PollForConversion  stm32f1xx_hal_adc.o
    0x08000e90   0x08000e90   0x000000d0   Code   RO          988    i.HAL_ADC_Start     stm32f1xx_hal_adc.o
    0x08000f60   0x08000f60   0x00000020   Code   RO          618    i.HAL_GPIO_EXTI_Callback  main.o
    0x08000f80   0x08000f80   0x00000018   Code   RO         1564    i.HAL_GPIO_EXTI_IRQHandler  stm32f1xx_hal_gpio.o
    0x08000f98   0x08000f98   0x000001f0   Code   RO         1565    i.HAL_GPIO_Init     stm32f1xx_hal_gpio.o
    0x08001188   0x08001188   0x0000000e   Code   RO         1569    i.HAL_GPIO_WritePin  stm32f1xx_hal_gpio.o
    0x08001196   0x08001196   0x00000002   PAD
    0x08001198   0x08001198   0x0000000c   Code   RO         1254    i.HAL_GetTick       stm32f1xx_hal.o
    0x080011a4   0x080011a4   0x00000198   Code   RO         2257    i.HAL_I2C_Init      stm32f1xx_hal_i2c.o
    0x0800133c   0x0800133c   0x00000178   Code   RO         2258    i.HAL_I2C_IsDeviceReady  stm32f1xx_hal_i2c.o
    0x080014b4   0x080014b4   0x00000148   Code   RO         2270    i.HAL_I2C_Master_Transmit  stm32f1xx_hal_i2c.o
    0x080015fc   0x080015fc   0x00000060   Code   RO          847    i.HAL_I2C_MspInit   stm32f1xx_hal_msp.o
    0x0800165c   0x0800165c   0x00000010   Code   RO         1260    i.HAL_IncTick       stm32f1xx_hal.o
    0x0800166c   0x0800166c   0x00000024   Code   RO         1261    i.HAL_Init          stm32f1xx_hal.o
    0x08001690   0x08001690   0x0000008c   Code   RO          892    i.HAL_InitTick      stm32f1xx_hal_timebase_tim.o
    0x0800171c   0x0800171c   0x00000048   Code   RO          848    i.HAL_MspInit       stm32f1xx_hal_msp.o
    0x08001764   0x08001764   0x0000001a   Code   RO         1725    i.HAL_NVIC_EnableIRQ  stm32f1xx_hal_cortex.o
    0x0800177e   0x0800177e   0x00000002   PAD
    0x08001780   0x08001780   0x00000040   Code   RO         1731    i.HAL_NVIC_SetPriority  stm32f1xx_hal_cortex.o
    0x080017c0   0x080017c0   0x00000024   Code   RO         1732    i.HAL_NVIC_SetPriorityGrouping  stm32f1xx_hal_cortex.o
    0x080017e4   0x080017e4   0x0000001c   Code   RO         1851    i.HAL_PWR_EnableWakeUpPin  stm32f1xx_hal_pwr.o
    0x08001800   0x08001800   0x000000a8   Code   RO         1526    i.HAL_RCCEx_GetPeriphCLKFreq  stm32f1xx_hal_rcc_ex.o
    0x080018a8   0x080018a8   0x0000010c   Code   RO         1527    i.HAL_RCCEx_PeriphCLKConfig  stm32f1xx_hal_rcc_ex.o
    0x080019b4   0x080019b4   0x00000154   Code   RO         1418    i.HAL_RCC_ClockConfig  stm32f1xx_hal_rcc.o
    0x08001b08   0x08001b08   0x0000003c   Code   RO         1422    i.HAL_RCC_GetClockConfig  stm32f1xx_hal_rcc.o
    0x08001b44   0x08001b44   0x0000000c   Code   RO         1423    i.HAL_RCC_GetHCLKFreq  stm32f1xx_hal_rcc.o
    0x08001b50   0x08001b50   0x00000020   Code   RO         1425    i.HAL_RCC_GetPCLK1Freq  stm32f1xx_hal_rcc.o
    0x08001b70   0x08001b70   0x00000020   Code   RO         1426    i.HAL_RCC_GetPCLK2Freq  stm32f1xx_hal_rcc.o
    0x08001b90   0x08001b90   0x0000004c   Code   RO         1427    i.HAL_RCC_GetSysClockFreq  stm32f1xx_hal_rcc.o
    0x08001bdc   0x08001bdc   0x00000384   Code   RO         1430    i.HAL_RCC_OscConfig  stm32f1xx_hal_rcc.o
    0x08001f60   0x08001f60   0x00000002   Code   RO         3440    i.HAL_TIMEx_BreakCallback  stm32f1xx_hal_tim_ex.o
    0x08001f62   0x08001f62   0x00000002   Code   RO         3441    i.HAL_TIMEx_CommutCallback  stm32f1xx_hal_tim_ex.o
    0x08001f64   0x08001f64   0x0000004a   Code   RO         2725    i.HAL_TIM_Base_Init  stm32f1xx_hal_tim.o
    0x08001fae   0x08001fae   0x00000002   Code   RO         2727    i.HAL_TIM_Base_MspInit  stm32f1xx_hal_tim.o
    0x08001fb0   0x08001fb0   0x00000064   Code   RO         2730    i.HAL_TIM_Base_Start_IT  stm32f1xx_hal_tim.o
    0x08002014   0x08002014   0x00000002   Code   RO         2759    i.HAL_TIM_IC_CaptureCallback  stm32f1xx_hal_tim.o
    0x08002016   0x08002016   0x0000016e   Code   RO         2773    i.HAL_TIM_IRQHandler  stm32f1xx_hal_tim.o
    0x08002184   0x08002184   0x00000002   Code   RO         2776    i.HAL_TIM_OC_DelayElapsedCallback  stm32f1xx_hal_tim.o
    0x08002186   0x08002186   0x00000002   Code   RO         2803    i.HAL_TIM_PWM_PulseFinishedCallback  stm32f1xx_hal_tim.o
    0x08002188   0x08002188   0x00000014   Code   RO          619    i.HAL_TIM_PeriodElapsedCallback  main.o
    0x0800219c   0x0800219c   0x00000002   Code   RO         2816    i.HAL_TIM_TriggerCallback  stm32f1xx_hal_tim.o
    0x0800219e   0x0800219e   0x00000002   Code   RO          777    i.HardFault_Handler  stm32f1xx_it.o
    0x080021a0   0x080021a0   0x0000002e   Code   RO         2301    i.I2C_IsAcknowledgeFailed  stm32f1xx_hal_i2c.o
    0x080021ce   0x080021ce   0x00000002   PAD
    0x080021d0   0x080021d0   0x000000b0   Code   RO         2305    i.I2C_MasterRequestWrite  stm32f1xx_hal_i2c.o
    0x08002280   0x08002280   0x00000058   Code   RO         2321    i.I2C_WaitOnBTFFlagUntilTimeout  stm32f1xx_hal_i2c.o
    0x080022d8   0x080022d8   0x000000ac   Code   RO         2322    i.I2C_WaitOnFlagUntilTimeout  stm32f1xx_hal_i2c.o
    0x08002384   0x08002384   0x000000c8   Code   RO         2323    i.I2C_WaitOnMasterAddressFlagUntilTimeout  stm32f1xx_hal_i2c.o
    0x0800244c   0x0800244c   0x00000058   Code   RO         2327    i.I2C_WaitOnTXEFlagUntilTimeout  stm32f1xx_hal_i2c.o
    0x080024a4   0x080024a4   0x00000050   Code   RO          620    i.MX_ADC1_Init      main.o
    0x080024f4   0x080024f4   0x000000e4   Code   RO          621    i.MX_GPIO_Init      main.o
    0x080025d8   0x080025d8   0x0000003c   Code   RO          622    i.MX_I2C2_Init      main.o
    0x08002614   0x08002614   0x00000002   Code   RO          778    i.MemManage_Handler  stm32f1xx_it.o
    0x08002616   0x08002616   0x00000002   Code   RO          779    i.NMI_Handler       stm32f1xx_it.o
    0x08002618   0x08002618   0x00000024   Code   RO         1431    i.RCC_Delay         stm32f1xx_hal_rcc.o
    0x0800263c   0x0800263c   0x00000010   Code   RO          346    i.SSD1306_Clear     ssd1306.o
    0x0800264c   0x0800264c   0x0000005a   Code   RO          350    i.SSD1306_DrawFilledRectangle  ssd1306.o
    0x080026a6   0x080026a6   0x00000110   Code   RO          352    i.SSD1306_DrawLine  ssd1306.o
    0x080027b6   0x080027b6   0x00000002   PAD
    0x080027b8   0x080027b8   0x00000044   Code   RO          353    i.SSD1306_DrawPixel  ssd1306.o
    0x080027fc   0x080027fc   0x00000018   Code   RO          356    i.SSD1306_Fill      ssd1306.o
    0x08002814   0x08002814   0x0000000c   Code   RO          357    i.SSD1306_GotoXY    ssd1306.o
    0x08002820   0x08002820   0x00000168   Code   RO          358    i.SSD1306_Init      ssd1306.o
    0x08002988   0x08002988   0x000000a8   Code   RO          362    i.SSD1306_Putc      ssd1306.o
    0x08002a30   0x08002a30   0x00000028   Code   RO          363    i.SSD1306_Puts      ssd1306.o
    0x08002a58   0x08002a58   0x00000044   Code   RO          370    i.SSD1306_UpdateScreen  ssd1306.o
    0x08002a9c   0x08002a9c   0x0000002c   Code   RO         5316    i.SysTick_Handler   port.o
    0x08002ac8   0x08002ac8   0x0000007a   Code   RO          623    i.SystemClock_Config  main.o
    0x08002b42   0x08002b42   0x00000002   Code   RO         3708    i.SystemInit        system_stm32f1xx.o
    0x08002b44   0x08002b44   0x0000000c   Code   RO          780    i.TIM1_UP_IRQHandler  stm32f1xx_it.o
    0x08002b50   0x08002b50   0x0000006c   Code   RO         2818    i.TIM_Base_SetConfig  stm32f1xx_hal_tim.o
    0x08002bbc   0x08002bbc   0x00000002   Code   RO          781    i.UsageFault_Handler  stm32f1xx_it.o
    0x08002bbe   0x08002bbe   0x00000020   Code   RO         1738    i.__NVIC_SetPriority  stm32f1xx_hal_cortex.o
    0x08002bde   0x08002bde   0x00000002   PAD
    0x08002be0   0x08002be0   0x00000048   Code   RO          189    i.display_init      display.o
    0x08002c28   0x08002c28   0x00000164   Code   RO          624    i.main              main.o
    0x08002d8c   0x08002d8c   0x0000005c   Code   RO          625    i.mmhgHandlerTask   main.o
    0x08002de8   0x08002de8   0x00000034   Code   RO         4845    i.osDelay           cmsis_os2.o
    0x08002e1c   0x08002e1c   0x00000064   Code   RO         4850    i.osEventFlagsNew   cmsis_os2.o
    0x08002e80   0x08002e80   0x00000038   Code   RO         4859    i.osKernelInitialize  cmsis_os2.o
    0x08002eb8   0x08002eb8   0x00000040   Code   RO         4862    i.osKernelStart     cmsis_os2.o
    0x08002ef8   0x08002ef8   0x00000098   Code   RO         4870    i.osMessageQueueNew  cmsis_os2.o
    0x08002f90   0x08002f90   0x000000d0   Code   RO         4881    i.osSemaphoreNew    cmsis_os2.o
    0x08003060   0x08003060   0x0000008c   Code   RO         4887    i.osThreadFlagsSet  cmsis_os2.o
    0x080030ec   0x080030ec   0x000000dc   Code   RO         4896    i.osThreadNew       cmsis_os2.o
    0x080031c8   0x080031c8   0x00000060   Code   RO         4320    i.prvAddCurrentTaskToDelayedList  tasks.o
    0x08003228   0x08003228   0x00000088   Code   RO         4321    i.prvAddNewTaskToReadyList  tasks.o
    0x080032b0   0x080032b0   0x00000058   Code   RO         4681    i.prvCheckForValidListAndQueue  timers.o
    0x08003308   0x08003308   0x0000003c   Code   RO         4322    i.prvCheckTasksWaitingTermination  tasks.o
    0x08003344   0x08003344   0x00000028   Code   RO         3913    i.prvCopyDataFromQueue  queue.o
    0x0800336c   0x0800336c   0x0000006e   Code   RO         3914    i.prvCopyDataToQueue  queue.o
    0x080033da   0x080033da   0x00000040   Code   RO         4323    i.prvDeleteTCB      tasks.o
    0x0800341a   0x0800341a   0x00000002   PAD
    0x0800341c   0x0800341c   0x00000024   Code   RO         4682    i.prvGetNextExpireTime  timers.o
    0x08003440   0x08003440   0x0000004c   Code   RO         5266    i.prvHeapInit       heap_4.o
    0x0800348c   0x0800348c   0x00000028   Code   RO         4324    i.prvIdleTask       tasks.o
    0x080034b4   0x080034b4   0x00000022   Code   RO         3917    i.prvInitialiseNewQueue  queue.o
    0x080034d6   0x080034d6   0x0000009a   Code   RO         4325    i.prvInitialiseNewTask  tasks.o
    0x08003570   0x08003570   0x00000058   Code   RO         4326    i.prvInitialiseTaskLists  tasks.o
    0x080035c8   0x080035c8   0x00000054   Code   RO         5267    i.prvInsertBlockIntoFreeList  heap_4.o
    0x0800361c   0x0800361c   0x00000040   Code   RO         4684    i.prvInsertTimerInActiveList  timers.o
    0x0800365c   0x0800365c   0x0000001a   Code   RO         3918    i.prvIsQueueEmpty   queue.o
    0x08003676   0x08003676   0x0000001e   Code   RO         3919    i.prvIsQueueFull    queue.o
    0x08003694   0x08003694   0x0000005c   Code   RO         4685    i.prvProcessExpiredTimer  timers.o
    0x080036f0   0x080036f0   0x000000cc   Code   RO         4686    i.prvProcessReceivedCommands  timers.o
    0x080037bc   0x080037bc   0x0000006c   Code   RO         4687    i.prvProcessTimerOrBlockTask  timers.o
    0x08003828   0x08003828   0x00000024   Code   RO         4328    i.prvResetNextTaskUnblockTime  tasks.o
    0x0800384c   0x0800384c   0x0000002c   Code   RO         4688    i.prvSampleTimeNow  timers.o
    0x08003878   0x08003878   0x0000006c   Code   RO         4689    i.prvSwitchTimerLists  timers.o
    0x080038e4   0x080038e4   0x0000002c   Code   RO         5317    i.prvTaskExitError  port.o
    0x08003910   0x08003910   0x00000014   Code   RO         4690    i.prvTimerTask      timers.o
    0x08003924   0x08003924   0x0000006a   Code   RO         3920    i.prvUnlockQueue    queue.o
    0x0800398e   0x0800398e   0x00000002   PAD
    0x08003990   0x08003990   0x000000d4   Code   RO         5268    i.pvPortMalloc      heap_4.o
    0x08003a64   0x08003a64   0x0000001c   Code   RO         5318    i.pxPortInitialiseStack  port.o
    0x08003a80   0x08003a80   0x0000007c   Code   RO          192    i.set_preasure      display.o
    0x08003afc   0x08003afc   0x00000010   Code   RO          371    i.ssd1306_I2C_Init  ssd1306.o
    0x08003b0c   0x08003b0c   0x00000024   Code   RO          372    i.ssd1306_I2C_Write  ssd1306.o
    0x08003b30   0x08003b30   0x00000038   Code   RO          373    i.ssd1306_I2C_WriteMulti  ssd1306.o
    0x08003b68   0x08003b68   0x00000026   Code   RO         3873    i.uxListRemove      list.o
    0x08003b8e   0x08003b8e   0x00000002   PAD
    0x08003b90   0x08003b90   0x00000014   Code   RO         4908    i.vApplicationGetIdleTaskMemory  cmsis_os2.o
    0x08003ba4   0x08003ba4   0x00000018   Code   RO         4909    i.vApplicationGetTimerTaskMemory  cmsis_os2.o
    0x08003bbc   0x08003bbc   0x00000016   Code   RO         3874    i.vListInitialise   list.o
    0x08003bd2   0x08003bd2   0x00000006   Code   RO         3875    i.vListInitialiseItem  list.o
    0x08003bd8   0x08003bd8   0x00000030   Code   RO         3876    i.vListInsert       list.o
    0x08003c08   0x08003c08   0x00000018   Code   RO         3877    i.vListInsertEnd    list.o
    0x08003c20   0x08003c20   0x00000040   Code   RO         5320    i.vPortEnterCritical  port.o
    0x08003c60   0x08003c60   0x0000002c   Code   RO         5321    i.vPortExitCritical  port.o
    0x08003c8c   0x08003c8c   0x0000005c   Code   RO         5269    i.vPortFree         heap_4.o
    0x08003ce8   0x08003ce8   0x00000024   Code   RO         5322    i.vPortSetupTimerInterrupt  port.o
    0x08003d0c   0x08003d0c   0x00000054   Code   RO         5323    i.vPortValidateInterruptPriority  port.o
    0x08003d60   0x08003d60   0x00000024   Code   RO         3926    i.vQueueAddToRegistry  queue.o
    0x08003d84   0x08003d84   0x00000032   Code   RO         3927    i.vQueueDelete      queue.o
    0x08003db6   0x08003db6   0x00000002   PAD
    0x08003db8   0x08003db8   0x00000028   Code   RO         3929    i.vQueueUnregisterQueue  queue.o
    0x08003de0   0x08003de0   0x00000046   Code   RO         3930    i.vQueueWaitForMessageRestricted  queue.o
    0x08003e26   0x08003e26   0x00000002   PAD
    0x08003e28   0x08003e28   0x00000050   Code   RO         4340    i.vTaskDelay        tasks.o
    0x08003e78   0x08003e78   0x00000010   Code   RO         4345    i.vTaskInternalSetTimeOutState  tasks.o
    0x08003e88   0x08003e88   0x0000000c   Code   RO         4346    i.vTaskMissedYield  tasks.o
    0x08003e94   0x08003e94   0x00000034   Code   RO         4348    i.vTaskPlaceOnEventList  tasks.o
    0x08003ec8   0x08003ec8   0x0000003c   Code   RO         4349    i.vTaskPlaceOnEventListRestricted  tasks.o
    0x08003f04   0x08003f04   0x00000090   Code   RO         4357    i.vTaskStartScheduler  tasks.o
    0x08003f94   0x08003f94   0x00000010   Code   RO         4359    i.vTaskSuspendAll   tasks.o
    0x08003fa4   0x08003fa4   0x00000068   Code   RO         4360    i.vTaskSwitchContext  tasks.o
    0x0800400c   0x0800400c   0x0000001c   Code   RO         3759    i.xEventGroupCreate  event_groups.o
    0x08004028   0x08004028   0x0000002e   Code   RO         3760    i.xEventGroupCreateStatic  event_groups.o
    0x08004056   0x08004056   0x00000002   PAD
    0x08004058   0x08004058   0x000000a8   Code   RO         5324    i.xPortStartScheduler  port.o
    0x08004100   0x08004100   0x0000003c   Code   RO         3931    i.xQueueCreateCountingSemaphore  queue.o
    0x0800413c   0x0800413c   0x00000042   Code   RO         3932    i.xQueueCreateCountingSemaphoreStatic  queue.o
    0x0800417e   0x0800417e   0x0000004a   Code   RO         3935    i.xQueueGenericCreate  queue.o
    0x080041c8   0x080041c8   0x0000006c   Code   RO         3936    i.xQueueGenericCreateStatic  queue.o
    0x08004234   0x08004234   0x0000008c   Code   RO         3937    i.xQueueGenericReset  queue.o
    0x080042c0   0x080042c0   0x00000164   Code   RO         3938    i.xQueueGenericSend  queue.o
    0x08004424   0x08004424   0x000000be   Code   RO         3939    i.xQueueGenericSendFromISR  queue.o
    0x080044e2   0x080044e2   0x00000002   PAD
    0x080044e4   0x080044e4   0x0000013c   Code   RO         3948    i.xQueueReceive     queue.o
    0x08004620   0x08004620   0x0000007c   Code   RO         4361    i.xTaskCheckForTimeOut  tasks.o
    0x0800469c   0x0800469c   0x00000064   Code   RO         4362    i.xTaskCreate       tasks.o
    0x08004700   0x08004700   0x0000005c   Code   RO         4363    i.xTaskCreateStatic  tasks.o
    0x0800475c   0x0800475c   0x000000d0   Code   RO         4364    i.xTaskGenericNotify  tasks.o
    0x0800482c   0x0800482c   0x000000fc   Code   RO         4365    i.xTaskGenericNotifyFromISR  tasks.o
    0x08004928   0x08004928   0x0000001c   Code   RO         4367    i.xTaskGetSchedulerState  tasks.o
    0x08004944   0x08004944   0x0000000c   Code   RO         4368    i.xTaskGetTickCount  tasks.o
    0x08004950   0x08004950   0x000000cc   Code   RO         4370    i.xTaskIncrementTick  tasks.o
    0x08004a1c   0x08004a1c   0x0000007c   Code   RO         4373    i.xTaskPriorityDisinherit  tasks.o
    0x08004a98   0x08004a98   0x00000078   Code   RO         4375    i.xTaskRemoveFromEventList  tasks.o
    0x08004b10   0x08004b10   0x000000c8   Code   RO         4376    i.xTaskResumeAll    tasks.o
    0x08004bd8   0x08004bd8   0x00000068   Code   RO         4697    i.xTimerCreateTimerTask  timers.o
    0x08004c40   0x08004c40   0x0000006c   Code   RO         4698    i.xTimerGenericCommand  timers.o
    0x08004cac   0x08004cac   0x00000062   Code   RO         5498    x$fpl$d2f           fz_ws.l(d2f.o)
    0x08004d0e   0x08004d0e   0x00000002   PAD
    0x08004d10   0x08004d10   0x00000010   Code   RO         5626    x$fpl$dcheck1       fz_ws.l(dcheck1.o)
    0x08004d20   0x08004d20   0x00000026   Code   RO         5504    x$fpl$dfltu         fz_ws.l(dflt_clz.o)
    0x08004d46   0x08004d46   0x00000002   PAD
    0x08004d48   0x08004d48   0x00000154   Code   RO         5510    x$fpl$dmul          fz_ws.l(dmul.o)
    0x08004e9c   0x08004e9c   0x0000009c   Code   RO         5628    x$fpl$dnaninf       fz_ws.l(dnaninf.o)
    0x08004f38   0x08004f38   0x0000000c   Code   RO         5630    x$fpl$dretinf       fz_ws.l(dretinf.o)
    0x08004f44   0x08004f44   0x0000003e   Code   RO         5520    x$fpl$ffixu         fz_ws.l(ffixu.o)
    0x08004f82   0x08004f82   0x00000002   PAD
    0x08004f84   0x08004f84   0x00000102   Code   RO         5530    x$fpl$fmul          fz_ws.l(fmul.o)
    0x08005086   0x08005086   0x0000008c   Code   RO         5634    x$fpl$fnaninf       fz_ws.l(fnaninf.o)
    0x08005112   0x08005112   0x0000000a   Code   RO         5636    x$fpl$fretinf       fz_ws.l(fretinf.o)
    0x0800511c   0x0800511c   0x00000064   Code   RO         5680    x$fpl$retnan        fz_ws.l(retnan.o)
    0x08005180   0x08005180   0x0000005c   Code   RO         5532    x$fpl$scalbn        fz_ws.l(scalbn.o)
    0x080051dc   0x080051dc   0x00000030   Code   RO         5707    x$fpl$trapveneer    fz_ws.l(trapv.o)
    0x0800520c   0x0800520c   0x00000000   Code   RO         5638    x$fpl$usenofp       fz_ws.l(usenofp.o)
    0x0800520c   0x0800520c   0x00000d5c   Data   RO          315    .constdata          fonts.o
    0x08005f68   0x08005f68   0x000000e0   Data   RO          627    .constdata          main.o
    0x08006048   0x08006048   0x00000012   Data   RO         1432    .constdata          stm32f1xx_hal_rcc.o
    0x0800605a   0x0800605a   0x00000012   Data   RO         1528    .constdata          stm32f1xx_hal_rcc_ex.o
    0x0800606c   0x0800606c   0x00000010   Data   RO         3709    .constdata          system_stm32f1xx.o
    0x0800607c   0x0800607c   0x00000008   Data   RO         3710    .constdata          system_stm32f1xx.o
    0x08006084   0x08006084   0x00000070   Data   RO          628    .conststring        main.o
    0x080060f4   0x080060f4   0x00000020   Data   RO         5769    Region$$Table       anon$$obj.o


    Execution Region RW_IRAM1 (Exec base: 0x20000000, Load base: 0x08006114, Size: 0x00003fd8, Max: 0x00005000, ABSOLUTE)

    Exec Addr    Load Addr    Size         Type   Attr      Idx    E Section Name        Object

    0x20000000   0x08006114   0x00000008   Data   RW          316    .data               fonts.o
    0x20000008   0x0800611c   0x00000006   Data   RW          375    .data               ssd1306.o
    0x2000000e   0x08006122   0x00000002   PAD
    0x20000010   0x08006124   0x00000024   Data   RW          629    .data               main.o
    0x20000034   0x08006148   0x0000000c   Data   RW         1268    .data               stm32f1xx_hal.o
    0x20000040   0x08006154   0x00000004   Data   RW         3711    .data               system_stm32f1xx.o
    0x20000044   0x08006158   0x0000003c   Data   RW         4379    .data               tasks.o
    0x20000080   0x08006194   0x00000014   Data   RW         4706    .data               timers.o
    0x20000094   0x080061a8   0x00000004   Data   RW         4911    .data               cmsis_os2.o
    0x20000098   0x080061ac   0x00000018   Data   RW         5274    .data               heap_4.o
    0x200000b0   0x080061c4   0x0000000c   Data   RW         5325    .data               port.o
    0x200000bc        -       0x00000400   Zero   RW          374    .bss                ssd1306.o
    0x200004bc        -       0x00000090   Zero   RW          626    .bss                main.o
    0x2000054c        -       0x00000048   Zero   RW          895    .bss                stm32f1xx_hal_timebase_tim.o
    0x20000594        -       0x00000040   Zero   RW         3952    .bss                queue.o
    0x200005d4        -       0x000004c4   Zero   RW         4378    .bss                tasks.o
    0x20000a98        -       0x00000118   Zero   RW         4705    .bss                timers.o
    0x20000bb0        -       0x000006b8   Zero   RW         4910    .bss                cmsis_os2.o
    0x20001268        -       0x00002710   Zero   RW         5273    .bss                heap_4.o
    0x20003978        -       0x00000060   Zero   RW         5642    .bss                c_w.l(libspace.o)
    0x200039d8        -       0x00000200   Zero   RW            2    HEAP                startup_stm32f103xb.o
    0x20003bd8        -       0x00000400   Zero   RW            1    STACK               startup_stm32f103xb.o


==============================================================================

Image component sizes


      Code (inc. data)   RO Data    RW Data    ZI Data      Debug   Object Name

         0          0          0          0          0       3320   batterymanagment.o
      1036         56          0          4       1720      21716   cmsis_os2.o
       196         48          0          0          0       2340   display.o
         0          0          0          0          0     446256   dwt_1.o
        74          0          0          0          0      23226   event_groups.o
         0          0       3420          8          0       1194   fonts.o
         0          0          0          0          0       2656   freertos.o
       464         24          0         24      10000       4855   heap_4.o
         0          0          0          0          0       1120   hx710b.o
       138          0          0          0          0       3486   list.o
      1070        120        336         36        144      16507   main.o
       662         70          0         12          0      10929   port.o
      1852         24          0          0         64      21779   queue.o
      1226         50          0          6       1024      10137   ssd1306.o
        64         26        236          0       1536        820   startup_stm32f103xb.o
        64         14          0         12          0       4698   stm32f1xx_hal.o
      1302         52          0          0          0       6588   stm32f1xx_hal_adc.o
       244          6          0          0          0       1514   stm32f1xx_hal_adc_ex.o
       158         14          0          0          0      28322   stm32f1xx_hal_cortex.o
       534         38          0          0          0       3435   stm32f1xx_hal_gpio.o
      1882         38          0          0          0       9937   stm32f1xx_hal_i2c.o
       256         36          0          0          0       2278   stm32f1xx_hal_msp.o
        28          6          0          0          0        562   stm32f1xx_hal_pwr.o
      1488         98         18          0          0       7313   stm32f1xx_hal_rcc.o
       436         28         18          0          0       2653   stm32f1xx_hal_rcc_ex.o
       658         28          0          0          0       6382   stm32f1xx_hal_tim.o
         4          0          0          0          0       1581   stm32f1xx_hal_tim_ex.o
       140         22          0          0         72       1495   stm32f1xx_hal_timebase_tim.o
        30          6          0          0          0       3549   stm32f1xx_it.o
         0          0          0          0          0       8904   stream_buffer.o
         2          0         24          4          0       1151   system_stm32f1xx.o
      2622        228          0         60       1220      27487   tasks.o
       976         86          0         20        280      27135   timers.o

    ----------------------------------------------------------------------
     17636       1118       4084        188      16060     715325   Object Totals
         0          0         32          0          0          0   (incl. Generated)
        30          0          0          2          0          0   (incl. Padding)

    ----------------------------------------------------------------------

      Code (inc. data)   RO Data    RW Data    ZI Data      Debug   Library Member Name

         8          0          0          0          0         68   __main.o
       104          0          0          0          0         84   __printf.o
         0          0          0          0          0          0   __rtentry.o
        12          0          0          0          0          0   __rtentry2.o
         6          0          0          0          0          0   __rtentry4.o
        52          8          0          0          0          0   __scatter.o
        26          0          0          0          0          0   __scatter_copy.o
        28          0          0          0          0          0   __scatter_zi.o
        48          6          0          0          0         96   _printf_char_common.o
         6          0          0          0          0          0   _printf_d.o
       120         16          0          0          0         92   _printf_dec.o
       178          0          0          0          0         88   _printf_intcommon.o
         0          0          0          0          0          0   _printf_percent.o
         4          0          0          0          0          0   _printf_percent_end.o
        10          0          0          0          0         68   _sputc.o
        16          0          0          0          0         68   aeabi_memset.o
        10          0          0          0          0         68   defsig_exit.o
        50          0          0          0          0         88   defsig_general.o
        80         58          0          0          0         76   defsig_rtmem_inner.o
        14          0          0          0          0         80   defsig_rtmem_outer.o
        18          0          0          0          0         80   exit.o
        94          0          0          0          0         80   h1_alloc.o
        52          0          0          0          0         68   h1_extend.o
        78          0          0          0          0         80   h1_free.o
        14          0          0          0          0         84   h1_init.o
         6          0          0          0          0        152   heapauxi.o
         4          0          0          0          0        136   hguard.o
         0          0          0          0          0          0   indicate_semi.o
       138          0          0          0          0        168   init_alloc.o
         2          0          0          0          0          0   libinit.o
        10          0          0          0          0          0   libinit2.o
         2          0          0          0          0          0   libshutdown.o
         2          0          0          0          0          0   libshutdown2.o
         8          4          0          0         96         68   libspace.o
         0          0          0          0          0          0   maybetermalloc1.o
        40          6          0          0          0         84   noretval__2sprintf.o
         8          4          0          0          0         68   rt_heap_descriptor_intlibspace.o
        68          0          0          0          0         68   rt_memclr.o
        78          0          0          0          0         80   rt_memclr_w.o
       138          0          0          0          0         68   rt_memcpy_v6.o
       100          0          0          0          0         80   rt_memcpy_w.o
         2          0          0          0          0          0   rtexit.o
        10          0          0          0          0          0   rtexit2.o
        12          4          0          0          0         68   sys_exit.o
        74          0          0          0          0         80   sys_stackheap_outer.o
        14          0          0          0          0         76   sys_wrch.o
         2          0          0          0          0         68   use_no_semi.o
        98          4          0          0          0         92   d2f.o
        16          4          0          0          0         68   dcheck1.o
        38          0          0          0          0         68   dflt_clz.o
       340         12          0          0          0        104   dmul.o
       156          4          0          0          0         92   dnaninf.o
        12          0          0          0          0         68   dretinf.o
        62          4          0          0          0         84   ffixu.o
       258          4          0          0          0         84   fmul.o
       140          4          0          0          0         84   fnaninf.o
        10          0          0          0          0         68   fretinf.o
       100          0          0          0          0         68   retnan.o
        92          0          0          0          0         68   scalbn.o
        48          0          0          0          0         68   trapv.o
         0          0          0          0          0          0   usenofp.o

    ----------------------------------------------------------------------
      3132        142          0          0         96       3548   Library Totals
        16          0          0          0          0          0   (incl. Padding)

    ----------------------------------------------------------------------

      Code (inc. data)   RO Data    RW Data    ZI Data      Debug   Library Name

      1746        106          0          0         96       2532   c_w.l
      1370         36          0          0          0       1016   fz_ws.l

    ----------------------------------------------------------------------
      3132        142          0          0         96       3548   Library Totals

    ----------------------------------------------------------------------

==============================================================================


      Code (inc. data)   RO Data    RW Data    ZI Data      Debug   

     20768       1260       4084        188      16156     707949   Grand Totals
     20768       1260       4084        188      16156     707949   ELF Image Totals
     20768       1260       4084        188          0          0   ROM Totals

==============================================================================

    Total RO  Size (Code + RO Data)                24852 (  24.27kB)
    Total RW  Size (RW Data + ZI Data)             16344 (  15.96kB)
    Total ROM Size (Code + RO Data + RW Data)      25040 (  24.45kB)

==============================================================================

